Archive member included to satisfy reference by file (symbol)

c:/ac6/systemworkbench/plugins/fr.ac6.mcu.externaltools.arm-none.win32_1.16.0.201807130628/tools/compiler/bin/../lib/gcc/arm-none-eabi/7.2.1/thumb/v6-m\libgcc.a(_udivsi3.o)
                              Drivers/Api/core/src/vl53l0x_api.o (__aeabi_uidiv)
c:/ac6/systemworkbench/plugins/fr.ac6.mcu.externaltools.arm-none.win32_1.16.0.201807130628/tools/compiler/bin/../lib/gcc/arm-none-eabi/7.2.1/thumb/v6-m\libgcc.a(_divsi3.o)
                              Drivers/Api/core/src/vl53l0x_api.o (__aeabi_idiv)
c:/ac6/systemworkbench/plugins/fr.ac6.mcu.externaltools.arm-none.win32_1.16.0.201807130628/tools/compiler/bin/../lib/gcc/arm-none-eabi/7.2.1/thumb/v6-m\libgcc.a(_dvmd_tls.o)
                              c:/ac6/systemworkbench/plugins/fr.ac6.mcu.externaltools.arm-none.win32_1.16.0.201807130628/tools/compiler/bin/../lib/gcc/arm-none-eabi/7.2.1/thumb/v6-m\libgcc.a(_udivsi3.o) (__aeabi_idiv0)
c:/ac6/systemworkbench/plugins/fr.ac6.mcu.externaltools.arm-none.win32_1.16.0.201807130628/tools/compiler/bin/../lib/gcc/arm-none-eabi/7.2.1/../../../../arm-none-eabi/lib/thumb/v6-m\libc_nano.a(lib_a-exit.o)
                              c:/ac6/systemworkbench/plugins/fr.ac6.mcu.externaltools.arm-none.win32_1.16.0.201807130628/tools/compiler/bin/../lib/gcc/arm-none-eabi/7.2.1/../../../../arm-none-eabi/lib/thumb/v6-m/crt0.o (exit)
c:/ac6/systemworkbench/plugins/fr.ac6.mcu.externaltools.arm-none.win32_1.16.0.201807130628/tools/compiler/bin/../lib/gcc/arm-none-eabi/7.2.1/../../../../arm-none-eabi/lib/thumb/v6-m\libc_nano.a(lib_a-fclose.o)
                              Drivers/Api/platform/src/vl53l0x_platform_log.o (fclose)
c:/ac6/systemworkbench/plugins/fr.ac6.mcu.externaltools.arm-none.win32_1.16.0.201807130628/tools/compiler/bin/../lib/gcc/arm-none-eabi/7.2.1/../../../../arm-none-eabi/lib/thumb/v6-m\libc_nano.a(lib_a-fflush.o)
                              c:/ac6/systemworkbench/plugins/fr.ac6.mcu.externaltools.arm-none.win32_1.16.0.201807130628/tools/compiler/bin/../lib/gcc/arm-none-eabi/7.2.1/../../../../arm-none-eabi/lib/thumb/v6-m\libc_nano.a(lib_a-fclose.o) (__sflush_r)
c:/ac6/systemworkbench/plugins/fr.ac6.mcu.externaltools.arm-none.win32_1.16.0.201807130628/tools/compiler/bin/../lib/gcc/arm-none-eabi/7.2.1/../../../../arm-none-eabi/lib/thumb/v6-m\libc_nano.a(lib_a-findfp.o)
                              c:/ac6/systemworkbench/plugins/fr.ac6.mcu.externaltools.arm-none.win32_1.16.0.201807130628/tools/compiler/bin/../lib/gcc/arm-none-eabi/7.2.1/../../../../arm-none-eabi/lib/thumb/v6-m\libc_nano.a(lib_a-fclose.o) (__sinit)
c:/ac6/systemworkbench/plugins/fr.ac6.mcu.externaltools.arm-none.win32_1.16.0.201807130628/tools/compiler/bin/../lib/gcc/arm-none-eabi/7.2.1/../../../../arm-none-eabi/lib/thumb/v6-m\libc_nano.a(lib_a-fopen.o)
                              Drivers/Api/platform/src/vl53l0x_platform_log.o (fopen)
c:/ac6/systemworkbench/plugins/fr.ac6.mcu.externaltools.arm-none.win32_1.16.0.201807130628/tools/compiler/bin/../lib/gcc/arm-none-eabi/7.2.1/../../../../arm-none-eabi/lib/thumb/v6-m\libc_nano.a(lib_a-fprintf.o)
                              Drivers/Api/platform/src/vl53l0x_platform_log.o (fprintf)
c:/ac6/systemworkbench/plugins/fr.ac6.mcu.externaltools.arm-none.win32_1.16.0.201807130628/tools/compiler/bin/../lib/gcc/arm-none-eabi/7.2.1/../../../../arm-none-eabi/lib/thumb/v6-m\libc_nano.a(lib_a-fseek.o)
                              c:/ac6/systemworkbench/plugins/fr.ac6.mcu.externaltools.arm-none.win32_1.16.0.201807130628/tools/compiler/bin/../lib/gcc/arm-none-eabi/7.2.1/../../../../arm-none-eabi/lib/thumb/v6-m\libc_nano.a(lib_a-fopen.o) (_fseek_r)
c:/ac6/systemworkbench/plugins/fr.ac6.mcu.externaltools.arm-none.win32_1.16.0.201807130628/tools/compiler/bin/../lib/gcc/arm-none-eabi/7.2.1/../../../../arm-none-eabi/lib/thumb/v6-m\libc_nano.a(lib_a-fseeko.o)
                              c:/ac6/systemworkbench/plugins/fr.ac6.mcu.externaltools.arm-none.win32_1.16.0.201807130628/tools/compiler/bin/../lib/gcc/arm-none-eabi/7.2.1/../../../../arm-none-eabi/lib/thumb/v6-m\libc_nano.a(lib_a-fseek.o) (_fseeko_r)
c:/ac6/systemworkbench/plugins/fr.ac6.mcu.externaltools.arm-none.win32_1.16.0.201807130628/tools/compiler/bin/../lib/gcc/arm-none-eabi/7.2.1/../../../../arm-none-eabi/lib/thumb/v6-m\libc_nano.a(lib_a-fwalk.o)
                              c:/ac6/systemworkbench/plugins/fr.ac6.mcu.externaltools.arm-none.win32_1.16.0.201807130628/tools/compiler/bin/../lib/gcc/arm-none-eabi/7.2.1/../../../../arm-none-eabi/lib/thumb/v6-m\libc_nano.a(lib_a-findfp.o) (_fwalk)
c:/ac6/systemworkbench/plugins/fr.ac6.mcu.externaltools.arm-none.win32_1.16.0.201807130628/tools/compiler/bin/../lib/gcc/arm-none-eabi/7.2.1/../../../../arm-none-eabi/lib/thumb/v6-m\libc_nano.a(lib_a-impure.o)
[...]
Memory Configuration

Name             Origin             Length             Attributes
RAM              0x20000000         0x00004000         xrw
FLASH            0x08000000         0x00020000         xr
*default*        0x00000000         0xffffffff

Linker script and memory map

LOAD c:/ac6/systemworkbench/plugins/fr.ac6.mcu.externaltools.arm-none.win32_1.16.0.201807130628/tools/compiler/bin/../lib/gcc/arm-none-eabi/7.2.1/thumb/v6-m/crti.o
LOAD c:/ac6/systemworkbench/plugins/fr.ac6.mcu.externaltools.arm-none.win32_1.16.0.201807130628/tools/compiler/bin/../lib/gcc/arm-none-eabi/7.2.1/thumb/v6-m/crtbegin.o
LOAD c:/ac6/systemworkbench/plugins/fr.ac6.mcu.externaltools.arm-none.win32_1.16.0.201807130628/tools/compiler/bin/../lib/gcc/arm-none-eabi/7.2.1/../../../../arm-none-eabi/lib/thumb/v6-m/crt0.o
LOAD Drivers/Api/core/src/vl53l0x_api.o
LOAD Drivers/Api/core/src/vl53l0x_api_calibration.o
LOAD Drivers/Api/core/src/vl53l0x_api_core.o
LOAD Drivers/Api/core/src/vl53l0x_api_ranging.o
LOAD Drivers/Api/core/src/vl53l0x_api_strings.o
LOAD Drivers/Api/platform/src/vl53l0x_i2c_platform.o
LOAD Drivers/Api/platform/src/vl53l0x_platform.o
LOAD Drivers/Api/platform/src/vl53l0x_platform_log.o
LOAD Drivers/STM32F0xx_HAL_Driver/Src/stm32f0xx_hal.o
LOAD Drivers/STM32F0xx_HAL_Driver/Src/stm32f0xx_hal_cortex.o
LOAD Drivers/STM32F0xx_HAL_Driver/Src/stm32f0xx_hal_dma.o
LOAD Drivers/STM32F0xx_HAL_Driver/Src/stm32f0xx_hal_flash.o
LOAD Drivers/STM32F0xx_HAL_Driver/Src/stm32f0xx_hal_flash_ex.o
LOAD Drivers/STM32F0xx_HAL_Driver/Src/stm32f0xx_hal_gpio.o
LOAD Drivers/STM32F0xx_HAL_Driver/Src/stm32f0xx_hal_i2c.o
LOAD Drivers/STM32F0xx_HAL_Driver/Src/stm32f0xx_hal_i2c_ex.o
LOAD Drivers/STM32F0xx_HAL_Driver/Src/stm32f0xx_hal_pwr.o
LOAD Drivers/STM32F0xx_HAL_Driver/Src/stm32f0xx_hal_pwr_ex.o
LOAD Drivers/STM32F0xx_HAL_Driver/Src/stm32f0xx_hal_rcc.o
LOAD Drivers/STM32F0xx_HAL_Driver/Src/stm32f0xx_hal_rcc_ex.o
LOAD Drivers/STM32F0xx_HAL_Driver/Src/stm32f0xx_hal_tim.o
LOAD Drivers/STM32F0xx_HAL_Driver/Src/stm32f0xx_hal_tim_ex.o
LOAD Drivers/STM32F0xx_HAL_Driver/Src/stm32f0xx_hal_uart.o
LOAD Drivers/STM32F0xx_HAL_Driver/Src/stm32f0xx_hal_uart_ex.o
LOAD Src/LidarLib.o
LOAD Src/kernel.o
LOAD Src/main.o
LOAD Src/serial.o
LOAD Src/stm32f0xx_hal_msp.o
LOAD Src/stm32f0xx_it.o
LOAD Src/system_stm32f0xx.o
LOAD Src/threads.o
LOAD startup/startup_stm32f070xb.o
LOAD c:/ac6/systemworkbench/plugins/fr.ac6.mcu.externaltools.arm-none.win32_1.16.0.201807130628/tools/compiler/bin/../lib/gcc/arm-none-eabi/7.2.1/../../../../arm-none-eabi/lib/thumb/v6-m\libm.a
START GROUP
LOAD c:/ac6/systemworkbench/plugins/fr.ac6.mcu.externaltools.arm-none.win32_1.16.0.201807130628/tools/compiler/bin/../lib/gcc/arm-none-eabi/7.2.1/thumb/v6-m\libgcc.a
LOAD c:/ac6/systemworkbench/plugins/fr.ac6.mcu.externaltools.arm-none.win32_1.16.0.201807130628/tools/compiler/bin/../lib/gcc/arm-none-eabi/7.2.1/../../../../arm-none-eabi/lib/thumb/v6-m\libc_nano.a
END GROUP
START GROUP
LOAD c:/ac6/systemworkbench/plugins/fr.ac6.mcu.externaltools.arm-none.win32_1.16.0.201807130628/tools/compiler/bin/../lib/gcc/arm-none-eabi/7.2.1/thumb/v6-m\libgcc.a
LOAD c:/ac6/systemworkbench/plugins/fr.ac6.mcu.externaltools.arm-none.win32_1.16.0.201807130628/tools/compiler/bin/../lib/gcc/arm-none-eabi/7.2.1/../../../../arm-none-eabi/lib/thumb/v6-m\libc_nano.a
LOAD c:/ac6/systemworkbench/plugins/fr.ac6.mcu.externaltools.arm-none.win32_1.16.0.201807130628/tools/compiler/bin/../lib/gcc/arm-none-eabi/7.2.1/../../../../arm-none-eabi/lib/thumb/v6-m\libnosys.a
END GROUP
START GROUP
LOAD c:/ac6/systemworkbench/plugins/fr.ac6.mcu.externaltools.arm-none.win32_1.16.0.201807130628/tools/compiler/bin/../lib/gcc/arm-none-eabi/7.2.1/thumb/v6-m\libgcc.a
LOAD c:/ac6/systemworkbench/plugins/fr.ac6.mcu.externaltools.arm-none.win32_1.16.0.201807130628/tools/compiler/bin/../lib/gcc/arm-none-eabi/7.2.1/../../../../arm-none-eabi/lib/thumb/v6-m\libc_nano.a
LOAD c:/ac6/systemworkbench/plugins/fr.ac6.mcu.externaltools.arm-none.win32_1.16.0.201807130628/tools/compiler/bin/../lib/gcc/arm-none-eabi/7.2.1/../../../../arm-none-eabi/lib/thumb/v6-m\libnosys.a
END GROUP
LOAD c:/ac6/systemworkbench/plugins/fr.ac6.mcu.externaltools.arm-none.win32_1.16.0.201807130628/tools/compiler/bin/../lib/gcc/arm-none-eabi/7.2.1/thumb/v6-m/crtend.o
LOAD c:/ac6/systemworkbench/plugins/fr.ac6.mcu.externaltools.arm-none.win32_1.16.0.201807130628/tools/compiler/bin/../lib/gcc/arm-none-eabi/7.2.1/thumb/v6-m/crtn.o
                0x20004000                _estack = 0x20004000
                0x00000200                _Min_Heap_Size = 0x200
                0x00000400                _Min_Stack_Size = 0x400

.isr_vector     0x08000000       0xc0
                0x08000000                . = ALIGN (0x4)
 *(.isr_vector)
 .isr_vector    0x08000000       0xc0 startup/startup_stm32f070xb.o
                0x08000000                g_pfnVectors
                0x080000c0                . = ALIGN (0x4)

.text           0x080000c0     0x5d98
                0x080000c0                . = ALIGN (0x4)
 *(.text)
 .text          0x080000c0       0x48 c:/ac6/systemworkbench/plugins/fr.ac6.mcu.externaltools.arm-none.win32_1.16.0.201807130628/tools/compiler/bin/../lib/gcc/arm-none-eabi/7.2.1/thumb/v6-m/crtbegin.o
 .text          0x08000108      0x114 c:/ac6/systemworkbench/plugins/fr.ac6.mcu.externaltools.arm-none.win32_1.16.0.201807130628/tools/compiler/bin/../lib/gcc/arm-none-eabi/7.2.1/thumb/v6-m\libgcc.a(_udivsi3.o)
                0x08000108                __aeabi_uidiv
                0x08000108                __udivsi3
                0x08000214                __aeabi_uidivmod
 .text          0x0800021c      0x1d4 c:/ac6/systemworkbench/plugins/fr.ac6.mcu.externaltools.arm-none.win32_1.16.0.201807130628/tools/compiler/bin/../lib/gcc/arm-none-eabi/7.2.1/thumb/v6-m\libgcc.a(_divsi3.o)
                0x0800021c                __divsi3
                0x0800021c                __aeabi_idiv
                0x080003e8                __aeabi_idivmod
 .text          0x080003f0        0x4 c:/ac6/systemworkbench/plugins/fr.ac6.mcu.externaltools.arm-none.win32_1.16.0.201807130628/tools/compiler/bin/../lib/gcc/arm-none-eabi/7.2.1/thumb/v6-m\libgcc.a(_dvmd_tls.o)
                0x080003f0                __aeabi_idiv0
                0x080003f0                __aeabi_ldiv0
 .text          0x080003f4        0xe c:/ac6/systemworkbench/plugins/fr.ac6.mcu.externaltools.arm-none.win32_1.16.0.201807130628/tools/compiler/bin/../lib/gcc/arm-none-eabi/7.2.1/../../../../arm-none-eabi/lib/thumb/v6-m\libc_nano.a(lib_a-strlen.o)
                0x080003f4                strlen
 *(.text*)
 .text.VL53L0X_GetOffsetCalibrationDataMicroMeter
                0x08000402        0x8 Drivers/Api/core/src/vl53l0x_api.o
                0x08000402                VL53L0X_GetOffsetCalibrationDataMicroMeter
 .text.VL53L0X_SetDeviceAddress
                0x0800040a        0xc Drivers/Api/core/src/vl53l0x_api.o
                0x0800040a                VL53L0X_SetDeviceAddress
 *fill*         0x08000416        0x2 
 .text.VL53L0X_SetDeviceMode
                0x08000418       0x1c Drivers/Api/core/src/vl53l0x_api.o
                0x08000418                VL53L0X_SetDeviceMode
 .text.VL53L0X_GetDeviceMode
                0x08000434        0x8 Drivers/Api/core/src/vl53l0x_api.o
                0x08000434                VL53L0X_GetDeviceMode
 .text.VL53L0X_SetMeasurementTimingBudgetMicroSeconds
                0x0800043c        0x8 Drivers/Api/core/src/vl53l0x_api.o
                0x0800043c                VL53L0X_SetMeasurementTimingBudgetMicroSeconds
 .text.VL53L0X_GetMeasurementTimingBudgetMicroSeconds
                0x08000444        0x8 Drivers/Api/core/src/vl53l0x_api.o
                0x08000444                VL53L0X_GetMeasurementTimingBudgetMicroSeconds
 .text.VL53L0X_GetVcselPulsePeriod
                0x0800044c        0x8 Drivers/Api/core/src/vl53l0x_api.o
                0x0800044c                VL53L0X_GetVcselPulsePeriod
 .text.VL53L0X_SetSequenceStepEnable
                0x08000454       0xd8 Drivers/Api/core/src/vl53l0x_api.o
                0x08000454                VL53L0X_SetSequenceStepEnable
 .text.sequence_step_enabled
                0x0800052c       0x54 Drivers/Api/core/src/vl53l0x_api.o
                0x0800052c                sequence_step_enabled
 .text.VL53L0X_GetSequenceStepEnables
                0x08000580       0x7e Drivers/Api/core/src/vl53l0x_api.o
                0x08000580                VL53L0X_GetSequenceStepEnables
 .text.VL53L0X_GetInterMeasurementPeriodMilliSeconds
                0x080005fe       0x42 Drivers/Api/core/src/vl53l0x_api.o
                0x080005fe                VL53L0X_GetInterMeasurementPeriodMilliSeconds
 .text.VL53L0X_GetXTalkCompensationEnable
                0x08000640        0x8 Drivers/Api/core/src/vl53l0x_api.o
                0x08000640                VL53L0X_GetXTalkCompensationEnable
 .text.VL53L0X_GetXTalkCompensationRateMegaCps
                0x08000648       0x38 Drivers/Api/core/src/vl53l0x_api.o
                0x08000648                VL53L0X_GetXTalkCompensationRateMegaCps
 .text.VL53L0X_SetLimitCheckEnable
                0x08000680       0xa0 Drivers/Api/core/src/vl53l0x_api.o
                0x08000680                VL53L0X_SetLimitCheckEnable
 .text.VL53L0X_GetLimitCheckEnable
                0x08000720       0x1a Drivers/Api/core/src/vl53l0x_api.o
                0x08000720                VL53L0X_GetLimitCheckEnable
 *fill*         0x0800073a        0x2 
 .text.VL53L0X_SetLimitCheckValue
                0x0800073c       0x6c Drivers/Api/core/src/vl53l0x_api.o
                0x0800073c                VL53L0X_SetLimitCheckValue
 .text.VL53L0X_GetLimitCheckValue
                0x080007a8       0xb0 Drivers/Api/core/src/vl53l0x_api.o
                0x080007a8                VL53L0X_GetLimitCheckValue
 .text.VL53L0X_GetLimitCheckCurrent
                0x08000858       0x94 Drivers/Api/core/src/vl53l0x_api.o
                0x08000858                VL53L0X_GetLimitCheckCurrent
 .text.VL53L0X_GetWrapAroundCheckEnable
                0x080008ec       0x40 Drivers/Api/core/src/vl53l0x_api.o
                0x080008ec                VL53L0X_GetWrapAroundCheckEnable
 .text.VL53L0X_GetDeviceParameters
                0x0800092c       0xb2 Drivers/Api/core/src/vl53l0x_api.o
                0x0800092c                VL53L0X_GetDeviceParameters
 *fill*         0x080009de        0x2 
 .text.VL53L0X_DataInit
                0x080009e0      0x1d0 Drivers/Api/core/src/vl53l0x_api.o
                0x080009e0                VL53L0X_DataInit
 .text.VL53L0X_GetRangingMeasurementData
                0x08000bb0      0x158 Drivers/Api/core/src/vl53l0x_api.o
                0x08000bb0                VL53L0X_GetRangingMeasurementData
 .text.VL53L0X_GetInterruptThresholds
                0x08000d08       0x48 Drivers/Api/core/src/vl53l0x_api.o
                0x08000d08                VL53L0X_GetInterruptThresholds
 .text.VL53L0X_CheckAndLoadInterruptSettings
                0x08000d50       0x88 Drivers/Api/core/src/vl53l0x_api.o
                0x08000d50                VL53L0X_CheckAndLoadInterruptSettings
 .text.VL53L0X_StartMeasurement
                0x08000dd8      0x108 Drivers/Api/core/src/vl53l0x_api.o
                0x08000dd8                VL53L0X_StartMeasurement
 .text.VL53L0X_ClearInterruptMask
                0x08000ee0       0x54 Drivers/Api/core/src/vl53l0x_api.o
                0x08000ee0                VL53L0X_ClearInterruptMask
 .text.VL53L0X_SetGpioConfig
                0x08000f34      0x164 Drivers/Api/core/src/vl53l0x_api.o
                0x08000f34                VL53L0X_SetGpioConfig
 .text.VL53L0X_get_offset_calibration_data_micro_meter
                0x08001098       0x44 Drivers/Api/core/src/vl53l0x_api_calibration.o
                0x08001098                VL53L0X_get_offset_calibration_data_micro_meter
 .text.VL53L0X_decode_vcsel_period
                0x080010dc        0xa Drivers/Api/core/src/vl53l0x_api_core.o
                0x080010dc                VL53L0X_decode_vcsel_period
 .text.VL53L0X_isqrt
                0x080010e6       0x2a Drivers/Api/core/src/vl53l0x_api_core.o
                0x080010e6                VL53L0X_isqrt
 .text.VL53L0X_calc_macro_period_ps
                0x08001110       0x10 Drivers/Api/core/src/vl53l0x_api_core.o
                0x08001110                VL53L0X_calc_macro_period_ps
 .text.VL53L0X_encode_timeout
                0x08001120       0x2a Drivers/Api/core/src/vl53l0x_api_core.o
                0x08001120                VL53L0X_encode_timeout
 .text.VL53L0X_decode_timeout
                0x0800114a        0xe Drivers/Api/core/src/vl53l0x_api_core.o
                0x0800114a                VL53L0X_decode_timeout
 .text.VL53L0X_calc_timeout_mclks
                0x08001158       0x38 Drivers/Api/core/src/vl53l0x_api_core.o
                0x08001158                VL53L0X_calc_timeout_mclks
 .text.VL53L0X_calc_timeout_us
                0x08001190       0x26 Drivers/Api/core/src/vl53l0x_api_core.o
                0x08001190                VL53L0X_calc_timeout_us
 .text.get_sequence_step_timeout
                0x080011b6      0x138 Drivers/Api/core/src/vl53l0x_api_core.o
                0x080011b6                get_sequence_step_timeout
 .text.set_sequence_step_timeout
                0x080012ee      0x126 Drivers/Api/core/src/vl53l0x_api_core.o
                0x080012ee                set_sequence_step_timeout
 .text.VL53L0X_get_vcsel_pulse_period
                0x08001414       0x42 Drivers/Api/core/src/vl53l0x_api_core.o
                0x08001414                VL53L0X_get_vcsel_pulse_period
 *fill*         0x08001456        0x2 
 .text.VL53L0X_set_measurement_timing_budget_micro_seconds
                0x08001458      0x110 Drivers/Api/core/src/vl53l0x_api_core.o
                0x08001458                VL53L0X_set_measurement_timing_budget_micro_seconds
 .text.VL53L0X_get_measurement_timing_budget_micro_seconds
                0x08001568      0x104 Drivers/Api/core/src/vl53l0x_api_core.o
                0x08001568                VL53L0X_get_measurement_timing_budget_micro_seconds
 .text.VL53L0X_load_tuning_settings
                0x0800166c       0xb8 Drivers/Api/core/src/vl53l0x_api_core.o
                0x0800166c                VL53L0X_load_tuning_settings
 .text.VL53L0X_get_total_xtalk_rate
                0x08001724       0x34 Drivers/Api/core/src/vl53l0x_api_core.o
                0x08001724                VL53L0X_get_total_xtalk_rate
 .text.VL53L0X_get_total_signal_rate
                0x08001758       0x22 Drivers/Api/core/src/vl53l0x_api_core.o
                0x08001758                VL53L0X_get_total_signal_rate
 *fill*         0x0800177a        0x2 
 .text.VL53L0X_calc_dmax
                0x0800177c       0xf8 Drivers/Api/core/src/vl53l0x_api_core.o
                0x0800177c                VL53L0X_calc_dmax
 .text.VL53L0X_calc_sigma_estimate
                0x08001874      0x2c8 Drivers/Api/core/src/vl53l0x_api_core.o
                0x08001874                VL53L0X_calc_sigma_estimate
 .text.VL53L0X_get_pal_range_status
                0x08001b3c      0x2c8 Drivers/Api/core/src/vl53l0x_api_core.o
                0x08001b3c                VL53L0X_get_pal_range_status
 .text.VL53L0X_read_multi
                0x08001e04       0x2c Drivers/Api/platform/src/vl53l0x_i2c_platform.o
                0x08001e04                VL53L0X_read_multi
 .text.VL53L0X_write_byte
                0x08001e30       0x30 Drivers/Api/platform/src/vl53l0x_i2c_platform.o
                0x08001e30                VL53L0X_write_byte
 .text.VL53L0X_write_word
                0x08001e60       0x30 Drivers/Api/platform/src/vl53l0x_i2c_platform.o
                0x08001e60                VL53L0X_write_word
 .text.VL53L0X_read_byte
                0x08001e90       0x2c Drivers/Api/platform/src/vl53l0x_i2c_platform.o
                0x08001e90                VL53L0X_read_byte
 .text.VL53L0X_read_word
                0x08001ebc       0x3c Drivers/Api/platform/src/vl53l0x_i2c_platform.o
                0x08001ebc                VL53L0X_read_word
 .text.VL53L0X_read_dword
                0x08001ef8       0x58 Drivers/Api/platform/src/vl53l0x_i2c_platform.o
                0x08001ef8                VL53L0X_read_dword
 .text.VL53L0X_WriteMulti
                0x08001f50        0xe Drivers/Api/platform/src/vl53l0x_platform.o
                0x08001f50                VL53L0X_WriteMulti
 .text.VL53L0X_ReadMulti
                0x08001f5e       0x26 Drivers/Api/platform/src/vl53l0x_platform.o
                0x08001f5e                VL53L0X_ReadMulti
 .text.VL53L0X_WrByte
                0x08001f84       0x18 Drivers/Api/platform/src/vl53l0x_platform.o
                0x08001f84                VL53L0X_WrByte
 .text.VL53L0X_WrWord
                0x08001f9c       0x18 Drivers/Api/platform/src/vl53l0x_platform.o
                0x08001f9c                VL53L0X_WrWord
 .text.VL53L0X_UpdateByte
                0x08001fb4       0x44 Drivers/Api/platform/src/vl53l0x_platform.o
                0x08001fb4                VL53L0X_UpdateByte
 .text.VL53L0X_RdByte
                0x08001ff8       0x18 Drivers/Api/platform/src/vl53l0x_platform.o
                0x08001ff8                VL53L0X_RdByte
 .text.VL53L0X_RdWord
                0x08002010       0x18 Drivers/Api/platform/src/vl53l0x_platform.o
                0x08002010                VL53L0X_RdWord
 .text.VL53L0X_RdDWord
                0x08002028       0x18 Drivers/Api/platform/src/vl53l0x_platform.o
                0x08002028                VL53L0X_RdDWord
 .text.HAL_InitTick
                0x08002040       0x24 Drivers/STM32F0xx_HAL_Driver/Src/stm32f0xx_hal.o
                0x08002040                HAL_InitTick
 .text.HAL_Init
                0x08002064       0x20 Drivers/STM32F0xx_HAL_Driver/Src/stm32f0xx_hal.o
                0x08002064                HAL_Init
 .text.HAL_IncTick
                0x08002084       0x10 Drivers/STM32F0xx_HAL_Driver/Src/stm32f0xx_hal.o
                0x08002084                HAL_IncTick
 .text.HAL_GetTick
                0x08002094        0xc Drivers/STM32F0xx_HAL_Driver/Src/stm32f0xx_hal.o
                0x08002094                HAL_GetTick
 .text.HAL_Delay
                0x080020a0       0x22 Drivers/STM32F0xx_HAL_Driver/Src/stm32f0xx_hal.o
                0x080020a0                HAL_Delay
 *fill*         0x080020c2        0x2 
 .text.HAL_NVIC_SetPriority
                0x080020c4       0x60 Drivers/STM32F0xx_HAL_Driver/Src/stm32f0xx_hal_cortex.o
                0x080020c4                HAL_NVIC_SetPriority
 .text.HAL_NVIC_EnableIRQ
                0x08002124       0x14 Drivers/STM32F0xx_HAL_Driver/Src/stm32f0xx_hal_cortex.o
                0x08002124                HAL_NVIC_EnableIRQ
 .text.HAL_SYSTICK_Config
                0x08002138       0x38 Drivers/STM32F0xx_HAL_Driver/Src/stm32f0xx_hal_cortex.o
                0x08002138                HAL_SYSTICK_Config
 .text.DMA_SetConfig
                0x08002170       0x2a Drivers/STM32F0xx_HAL_Driver/Src/stm32f0xx_hal_dma.o
 *fill*         0x0800219a        0x2 
 .text.DMA_CalcBaseAndBitshift
                0x0800219c       0x28 Drivers/STM32F0xx_HAL_Driver/Src/stm32f0xx_hal_dma.o
 .text.HAL_DMA_Init
                0x080021c4       0x58 Drivers/STM32F0xx_HAL_Driver/Src/stm32f0xx_hal_dma.o
                0x080021c4                HAL_DMA_Init
 .text.HAL_DMA_Start_IT
                0x0800221c       0x76 Drivers/STM32F0xx_HAL_Driver/Src/stm32f0xx_hal_dma.o
                0x0800221c                HAL_DMA_Start_IT
 .text.HAL_DMA_Abort_IT
                0x08002292       0x4a Drivers/STM32F0xx_HAL_Driver/Src/stm32f0xx_hal_dma.o
                0x08002292                HAL_DMA_Abort_IT
 .text.HAL_DMA_IRQHandler
                0x080022dc       0xaa Drivers/STM32F0xx_HAL_Driver/Src/stm32f0xx_hal_dma.o
                0x080022dc                HAL_DMA_IRQHandler
 *fill*         0x08002386        0x2 
 .text.HAL_GPIO_Init
                0x08002388      0x18c Drivers/STM32F0xx_HAL_Driver/Src/stm32f0xx_hal_gpio.o
                0x08002388                HAL_GPIO_Init
 .text.HAL_GPIO_WritePin
                0x08002514        0xc Drivers/STM32F0xx_HAL_Driver/Src/stm32f0xx_hal_gpio.o
                0x08002514                HAL_GPIO_WritePin
 .text.HAL_GPIO_TogglePin
                0x08002520        0x8 Drivers/STM32F0xx_HAL_Driver/Src/stm32f0xx_hal_gpio.o
                0x08002520                HAL_GPIO_TogglePin
 .text.HAL_GPIO_EXTI_Callback
                0x08002528        0x2 Drivers/STM32F0xx_HAL_Driver/Src/stm32f0xx_hal_gpio.o
                0x08002528                HAL_GPIO_EXTI_Callback
 *fill*         0x0800252a        0x2 
 .text.HAL_GPIO_EXTI_IRQHandler
                0x0800252c       0x1c Drivers/STM32F0xx_HAL_Driver/Src/stm32f0xx_hal_gpio.o
                0x0800252c                HAL_GPIO_EXTI_IRQHandler
 .text.I2C_Flush_TXDR
                0x08002548       0x1e Drivers/STM32F0xx_HAL_Driver/Src/stm32f0xx_hal_i2c.o
 *fill*         0x08002566        0x2 
 .text.I2C_TransferConfig
                0x08002568       0x28 Drivers/STM32F0xx_HAL_Driver/Src/stm32f0xx_hal_i2c.o
 .text.I2C_Disable_IRQ
                0x08002590       0x72 Drivers/STM32F0xx_HAL_Driver/Src/stm32f0xx_hal_i2c.o
 *fill*         0x08002602        0x2 
 .text.I2C_IsAcknowledgeFailed
                0x08002604       0x78 Drivers/STM32F0xx_HAL_Driver/Src/stm32f0xx_hal_i2c.o
 .text.I2C_WaitOnTXISFlagUntilTimeout
                0x0800267c       0x52 Drivers/STM32F0xx_HAL_Driver/Src/stm32f0xx_hal_i2c.o
 .text.I2C_WaitOnFlagUntilTimeout
                0x080026ce       0x46 Drivers/STM32F0xx_HAL_Driver/Src/stm32f0xx_hal_i2c.o
 .text.I2C_RequestMemoryWrite
                0x08002714       0x86 Drivers/STM32F0xx_HAL_Driver/Src/stm32f0xx_hal_i2c.o
 .text.I2C_RequestMemoryRead
                0x0800279a       0x82 Drivers/STM32F0xx_HAL_Driver/Src/stm32f0xx_hal_i2c.o
 .text.I2C_WaitOnSTOPFlagUntilTimeout
                0x0800281c       0x4e Drivers/STM32F0xx_HAL_Driver/Src/stm32f0xx_hal_i2c.o
 *fill*         0x0800286a        0x2 
 .text.HAL_I2C_Init
                0x0800286c       0xcc Drivers/STM32F0xx_HAL_Driver/Src/stm32f0xx_hal_i2c.o
                0x0800286c                HAL_I2C_Init
 .text.HAL_I2C_Mem_Write
                0x08002938      0x1c8 Drivers/STM32F0xx_HAL_Driver/Src/stm32f0xx_hal_i2c.o
                0x08002938                HAL_I2C_Mem_Write
 .text.HAL_I2C_Mem_Read
                0x08002b00      0x1c4 Drivers/STM32F0xx_HAL_Driver/Src/stm32f0xx_hal_i2c.o
                0x08002b00                HAL_I2C_Mem_Read
 .text.HAL_I2C_EV_IRQHandler
                0x08002cc4       0x12 Drivers/STM32F0xx_HAL_Driver/Src/stm32f0xx_hal_i2c.o
                0x08002cc4                HAL_I2C_EV_IRQHandler
 .text.HAL_I2C_SlaveTxCpltCallback
                0x08002cd6        0x2 Drivers/STM32F0xx_HAL_Driver/Src/stm32f0xx_hal_i2c.o
                0x08002cd6                HAL_I2C_SlaveTxCpltCallback
 .text.HAL_I2C_SlaveRxCpltCallback
                0x08002cd8        0x2 Drivers/STM32F0xx_HAL_Driver/Src/stm32f0xx_hal_i2c.o
                0x08002cd8                HAL_I2C_SlaveRxCpltCallback
 .text.I2C_ITSlaveSequentialCplt
                0x08002cda       0x58 Drivers/STM32F0xx_HAL_Driver/Src/stm32f0xx_hal_i2c.o
 .text.HAL_I2C_AddrCallback
                0x08002d32        0x2 Drivers/STM32F0xx_HAL_Driver/Src/stm32f0xx_hal_i2c.o
                0x08002d32                HAL_I2C_AddrCallback
 .text.I2C_ITAddrCplt
                0x08002d34       0xa2 Drivers/STM32F0xx_HAL_Driver/Src/stm32f0xx_hal_i2c.o
 .text.HAL_I2C_ListenCpltCallback
                0x08002dd6        0x2 Drivers/STM32F0xx_HAL_Driver/Src/stm32f0xx_hal_i2c.o
                0x08002dd6                HAL_I2C_ListenCpltCallback
 .text.I2C_ITListenCplt
                0x08002dd8       0x64 Drivers/STM32F0xx_HAL_Driver/Src/stm32f0xx_hal_i2c.o
 .text.HAL_I2C_ErrorCallback
                0x08002e3c        0x2 Drivers/STM32F0xx_HAL_Driver/Src/stm32f0xx_hal_i2c.o
                0x08002e3c                HAL_I2C_ErrorCallback
 .text.HAL_I2C_AbortCpltCallback
                0x08002e3e        0x2 Drivers/STM32F0xx_HAL_Driver/Src/stm32f0xx_hal_i2c.o
                0x08002e3e                HAL_I2C_AbortCpltCallback
 .text.I2C_ITError
                0x08002e40       0xf8 Drivers/STM32F0xx_HAL_Driver/Src/stm32f0xx_hal_i2c.o
 .text.I2C_ITSlaveCplt
                0x08002f38      0x118 Drivers/STM32F0xx_HAL_Driver/Src/stm32f0xx_hal_i2c.o
 .text.I2C_Slave_ISR_IT
                0x08003050      0x140 Drivers/STM32F0xx_HAL_Driver/Src/stm32f0xx_hal_i2c.o
 .text.HAL_I2C_ER_IRQHandler
                0x08003190       0x60 Drivers/STM32F0xx_HAL_Driver/Src/stm32f0xx_hal_i2c.o
                0x08003190                HAL_I2C_ER_IRQHandler
 .text.I2C_DMAAbort
                0x080031f0       0x34 Drivers/STM32F0xx_HAL_Driver/Src/stm32f0xx_hal_i2c.o
 .text.HAL_I2CEx_ConfigAnalogFilter
                0x08003224       0x58 Drivers/STM32F0xx_HAL_Driver/Src/stm32f0xx_hal_i2c_ex.o
                0x08003224                HAL_I2CEx_ConfigAnalogFilter
 .text.HAL_I2CEx_ConfigDigitalFilter
                0x0800327c       0x54 Drivers/STM32F0xx_HAL_Driver/Src/stm32f0xx_hal_i2c_ex.o
                0x0800327c                HAL_I2CEx_ConfigDigitalFilter
 .text.HAL_RCC_OscConfig
                0x080032d0      0x468 Drivers/STM32F0xx_HAL_Driver/Src/stm32f0xx_hal_rcc.o
                0x080032d0                HAL_RCC_OscConfig
 .text.HAL_RCC_GetSysClockFreq
                0x08003738       0x74 Drivers/STM32F0xx_HAL_Driver/Src/stm32f0xx_hal_rcc.o
                0x08003738                HAL_RCC_GetSysClockFreq
 .text.HAL_RCC_ClockConfig
                0x080037ac      0x154 Drivers/STM32F0xx_HAL_Driver/Src/stm32f0xx_hal_rcc.o
                0x080037ac                HAL_RCC_ClockConfig
 .text.HAL_RCC_GetHCLKFreq
                0x08003900        0xc Drivers/STM32F0xx_HAL_Driver/Src/stm32f0xx_hal_rcc.o
                0x08003900                HAL_RCC_GetHCLKFreq
 .text.HAL_RCC_GetPCLK1Freq
                0x0800390c       0x20 Drivers/STM32F0xx_HAL_Driver/Src/stm32f0xx_hal_rcc.o
                0x0800390c                HAL_RCC_GetPCLK1Freq
 .text.HAL_RCCEx_PeriphCLKConfig
                0x0800392c      0x12c Drivers/STM32F0xx_HAL_Driver/Src/stm32f0xx_hal_rcc_ex.o
                0x0800392c                HAL_RCCEx_PeriphCLKConfig
 .text.HAL_TIM_Base_Start_IT
                0x08003a58       0x16 Drivers/STM32F0xx_HAL_Driver/Src/stm32f0xx_hal_tim.o
                0x08003a58                HAL_TIM_Base_Start_IT
 .text.HAL_TIM_OC_DelayElapsedCallback
                0x08003a6e        0x2 Drivers/STM32F0xx_HAL_Driver/Src/stm32f0xx_hal_tim.o
                0x08003a6e                HAL_TIM_OC_DelayElapsedCallback
 .text.HAL_TIM_IC_CaptureCallback
                0x08003a70        0x2 Drivers/STM32F0xx_HAL_Driver/Src/stm32f0xx_hal_tim.o
                0x08003a70                HAL_TIM_IC_CaptureCallback
 .text.HAL_TIM_PWM_PulseFinishedCallback
                0x08003a72        0x2 Drivers/STM32F0xx_HAL_Driver/Src/stm32f0xx_hal_tim.o
                0x08003a72                HAL_TIM_PWM_PulseFinishedCallback
 .text.HAL_TIM_TriggerCallback
                0x08003a74        0x2 Drivers/STM32F0xx_HAL_Driver/Src/stm32f0xx_hal_tim.o
                0x08003a74                HAL_TIM_TriggerCallback
 .text.HAL_TIM_IRQHandler
                0x08003a76      0x15a Drivers/STM32F0xx_HAL_Driver/Src/stm32f0xx_hal_tim.o
                0x08003a76                HAL_TIM_IRQHandler
 .text.TIM_Base_SetConfig
                0x08003bd0       0x94 Drivers/STM32F0xx_HAL_Driver/Src/stm32f0xx_hal_tim.o
                0x08003bd0                TIM_Base_SetConfig
 .text.HAL_TIM_Base_Init
                0x08003c64       0x34 Drivers/STM32F0xx_HAL_Driver/Src/stm32f0xx_hal_tim.o
                0x08003c64                HAL_TIM_Base_Init
 .text.HAL_TIMEx_CommutationCallback
                0x08003c98        0x2 Drivers/STM32F0xx_HAL_Driver/Src/stm32f0xx_hal_tim_ex.o
                0x08003c98                HAL_TIMEx_CommutationCallback
 .text.HAL_TIMEx_BreakCallback
                0x08003c9a        0x2 Drivers/STM32F0xx_HAL_Driver/Src/stm32f0xx_hal_tim_ex.o
                0x08003c9a                HAL_TIMEx_BreakCallback
 .text.UART_EndTxTransfer
                0x08003c9c       0x12 Drivers/STM32F0xx_HAL_Driver/Src/stm32f0xx_hal_uart.o
 *fill*         0x08003cae        0x2 
 .text.UART_EndRxTransfer
                0x08003cb0       0x24 Drivers/STM32F0xx_HAL_Driver/Src/stm32f0xx_hal_uart.o
 .text.HAL_UART_Transmit_DMA
                0x08003cd4       0xa8 Drivers/STM32F0xx_HAL_Driver/Src/stm32f0xx_hal_uart.o
                0x08003cd4                HAL_UART_Transmit_DMA
 .text.UART_DMATransmitCplt
                0x08003d7c       0x30 Drivers/STM32F0xx_HAL_Driver/Src/stm32f0xx_hal_uart.o
 .text.HAL_UART_TxHalfCpltCallback
                0x08003dac        0x2 Drivers/STM32F0xx_HAL_Driver/Src/stm32f0xx_hal_uart.o
                0x08003dac                HAL_UART_TxHalfCpltCallback
 .text.UART_DMATxHalfCplt
                0x08003dae        0xa Drivers/STM32F0xx_HAL_Driver/Src/stm32f0xx_hal_uart.o
 .text.HAL_UART_ErrorCallback
                0x08003db8        0x2 Drivers/STM32F0xx_HAL_Driver/Src/stm32f0xx_hal_uart.o
                0x08003db8                HAL_UART_ErrorCallback
 .text.UART_DMAError
                0x08003dba       0x50 Drivers/STM32F0xx_HAL_Driver/Src/stm32f0xx_hal_uart.o
 .text.UART_DMAAbortOnError
                0x08003e0a       0x14 Drivers/STM32F0xx_HAL_Driver/Src/stm32f0xx_hal_uart.o
 *fill*         0x08003e1e        0x2 
 .text.UART_SetConfig
                0x08003e20      0x1d4 Drivers/STM32F0xx_HAL_Driver/Src/stm32f0xx_hal_uart.o
                0x08003e20                UART_SetConfig
 .text.UART_AdvFeatureConfig
                0x08003ff4       0xe0 Drivers/STM32F0xx_HAL_Driver/Src/stm32f0xx_hal_uart.o
                0x08003ff4                UART_AdvFeatureConfig
 .text.UART_CheckIdleState
                0x080040d4       0x16 Drivers/STM32F0xx_HAL_Driver/Src/stm32f0xx_hal_uart.o
                0x080040d4                UART_CheckIdleState
 *fill*         0x080040ea        0x2 
 .text.HAL_UART_Init
                0x080040ec       0x70 Drivers/STM32F0xx_HAL_Driver/Src/stm32f0xx_hal_uart.o
                0x080040ec                HAL_UART_Init
 .text.UART_WaitOnFlagUntilTimeout
                0x0800415c       0x6c Drivers/STM32F0xx_HAL_Driver/Src/stm32f0xx_hal_uart.o
                0x0800415c                UART_WaitOnFlagUntilTimeout
 .text.HAL_UART_Transmit
                0x080041c8       0xe2 Drivers/STM32F0xx_HAL_Driver/Src/stm32f0xx_hal_uart.o
                0x080041c8                HAL_UART_Transmit
 .text.UART_Transmit_IT
                0x080042aa       0x6c Drivers/STM32F0xx_HAL_Driver/Src/stm32f0xx_hal_uart.o
                0x080042aa                UART_Transmit_IT
 .text.UART_EndTransmit_IT
                0x08004316       0x1a Drivers/STM32F0xx_HAL_Driver/Src/stm32f0xx_hal_uart.o
                0x08004316                UART_EndTransmit_IT
 .text.UART_Receive_IT
                0x08004330       0x88 Drivers/STM32F0xx_HAL_Driver/Src/stm32f0xx_hal_uart.o
                0x08004330                UART_Receive_IT
 .text.HAL_UART_IRQHandler
                0x080043b8      0x124 Drivers/STM32F0xx_HAL_Driver/Src/stm32f0xx_hal_uart.o
                0x080043b8                HAL_UART_IRQHandler
 .text.setV_Bluetooth
                0x080044dc       0x2c Src/LidarLib.o
                0x080044dc                setV_Bluetooth
 .text.configureBluetooth
                0x08004508       0x22 Src/LidarLib.o
                0x08004508                configureBluetooth
 *fill*         0x0800452a        0x2 
 .text.configureVL53L0X
                0x0800452c      0x1b8 Src/LidarLib.o
                0x0800452c                configureVL53L0X
 .text.readVL53L0X
                0x080046e4       0x64 Src/LidarLib.o
                0x080046e4                readVL53L0X
 .text.startVL53L0X_measuring
                0x08004748       0x44 Src/LidarLib.o
                0x08004748                startVL53L0X_measuring
 .text.setV_Encoder
                0x0800478c       0x28 Src/LidarLib.o
                0x0800478c                setV_Encoder
 .text.RGB_BlueLED
                0x080047b4       0x14 Src/LidarLib.o
                0x080047b4                RGB_BlueLED
 .text.RGB_GreenLED
                0x080047c8       0x14 Src/LidarLib.o
                0x080047c8                RGB_GreenLED
 .text.RGB_RedLED
                0x080047dc       0x14 Src/LidarLib.o
                0x080047dc                RGB_RedLED
 .text.RGB_BlueLED_Toggle
                0x080047f0       0x14 Src/LidarLib.o
                0x080047f0                RGB_BlueLED_Toggle
 .text.RGB_GreenLED_Toggle
                0x08004804       0x14 Src/LidarLib.o
                0x08004804                RGB_GreenLED_Toggle
 .text.RGB_RedLED_Toggle
                0x08004818       0x14 Src/LidarLib.o
                0x08004818                RGB_RedLED_Toggle
 .text.readAbsolutePosition_byPolling
                0x0800482c       0x20 Src/LidarLib.o
                0x0800482c                readAbsolutePosition_byPolling
 .text.convertGrayCode2BinaryCode
                0x0800484c       0x54 Src/LidarLib.o
                0x0800484c                convertGrayCode2BinaryCode
 .text.disableAllToFSensors
                0x080048a0       0x40 Src/LidarLib.o
                0x080048a0                disableAllToFSensors
 .text.initKernel
                0x080048e0       0xc4 Src/kernel.o
                0x080048e0                initKernel
 .text.startKernel
                0x080049a4       0x1e Src/kernel.o
                0x080049a4                startKernel
 *fill*         0x080049c2        0x2 
 .text.MX_GPIO_Init
                0x080049c4      0x140 Src/main.o
 .text.MX_DMA_Init
                0x08004b04       0x30 Src/main.o
 .text.Error_Handler
                0x08004b34        0x2 Src/main.o
                0x08004b34                Error_Handler
 *fill*         0x08004b36        0x2 
 .text.MX_I2C1_Init
                0x08004b38       0x58 Src/main.o
 .text.MX_I2C2_Init
                0x08004b90       0x58 Src/main.o
 .text.MX_USART1_UART_Init
                0x08004be8       0x38 Src/main.o
 .text.MX_TIM6_Init
                0x08004c20       0x30 Src/main.o
 .text.MX_TIM7_Init
                0x08004c50       0x34 Src/main.o
 .text.SystemClock_Config
                0x08004c84       0x88 Src/main.o
                0x08004c84                SystemClock_Config
 .text.main     0x08004d0c       0x8c Src/main.o
                0x08004d0c                main
 .text.sendData
                0x08004d98       0x1c Src/serial.o
                0x08004d98                sendData
 .text.send_CR  0x08004db4        0xa Src/serial.o
                0x08004db4                send_CR
 .text.send_LF  0x08004dbe        0xa Src/serial.o
                0x08004dbe                send_LF
 .text.send_CRLF
                0x08004dc8        0xc Src/serial.o
                0x08004dc8                send_CRLF
 .text.send_SPACE
                0x08004dd4       0x14 Src/serial.o
                0x08004dd4                send_SPACE
 .text.send_uint
                0x08004de8       0x34 Src/serial.o
                0x08004de8                send_uint
 .text.HAL_MspInit
                0x08004e1c       0x30 Src/stm32f0xx_hal_msp.o
                0x08004e1c                HAL_MspInit
 .text.HAL_I2C_MspInit
                0x08004e4c       0xd8 Src/stm32f0xx_hal_msp.o
                0x08004e4c                HAL_I2C_MspInit
 .text.HAL_TIM_Base_MspInit
                0x08004f24       0x5c Src/stm32f0xx_hal_msp.o
                0x08004f24                HAL_TIM_Base_MspInit
 .text.HAL_UART_MspInit
                0x08004f80       0xec Src/stm32f0xx_hal_msp.o
                0x08004f80                HAL_UART_MspInit
 .text.NMI_Handler
                0x0800506c        0x2 Src/stm32f0xx_it.o
                0x0800506c                NMI_Handler
 .text.HardFault_Handler
                0x0800506e        0x2 Src/stm32f0xx_it.o
                0x0800506e                HardFault_Handler
 .text.SVC_Handler
                0x08005070        0x2 Src/stm32f0xx_it.o
                0x08005070                SVC_Handler
 .text.PendSV_Handler
                0x08005072        0x2 Src/stm32f0xx_it.o
                0x08005072                PendSV_Handler
 .text.SysTick_Handler
                0x08005074        0x8 Src/stm32f0xx_it.o
                0x08005074                SysTick_Handler
 .text.EXTI2_3_IRQHandler
                0x0800507c        0xa Src/stm32f0xx_it.o
                0x0800507c                EXTI2_3_IRQHandler
 .text.EXTI4_15_IRQHandler
                0x08005086       0x18 Src/stm32f0xx_it.o
                0x08005086                EXTI4_15_IRQHandler
 *fill*         0x0800509e        0x2 
 .text.DMA1_Channel2_3_IRQHandler
                0x080050a0       0x18 Src/stm32f0xx_it.o
                0x080050a0                DMA1_Channel2_3_IRQHandler
 .text.TIM6_IRQHandler
                0x080050b8       0x10 Src/stm32f0xx_it.o
                0x080050b8                TIM6_IRQHandler
 .text.I2C1_IRQHandler
                0x080050c8       0x24 Src/stm32f0xx_it.o
                0x080050c8                I2C1_IRQHandler
 .text.I2C2_IRQHandler
                0x080050ec       0x24 Src/stm32f0xx_it.o
                0x080050ec                I2C2_IRQHandler
 .text.USART1_IRQHandler
                0x08005110       0x10 Src/stm32f0xx_it.o
                0x08005110                USART1_IRQHandler
 .text.SystemInit
                0x08005120       0x68 Src/system_stm32f0xx.o
                0x08005120                SystemInit
 .text.HAL_TIM_PeriodElapsedCallback
                0x08005188       0x20 Src/threads.o
                0x08005188                HAL_TIM_PeriodElapsedCallback
 .text.HAL_UART_TxCpltCallback
                0x080051a8       0x1c Src/threads.o
                0x080051a8                HAL_UART_TxCpltCallback
 .text.HAL_UART_RxCpltCallback
                0x080051c4       0x1c Src/threads.o
                0x080051c4                HAL_UART_RxCpltCallback
 .text.enable_wait4zeroThread
                0x080051e0        0xc Src/threads.o
                0x080051e0                enable_wait4zeroThread
 .text.disable_wait4zeroThread
                0x080051ec        0xc Src/threads.o
                0x080051ec                disable_wait4zeroThread
 .text.enable_absoluteEncoderThread
                0x080051f8        0xc Src/threads.o
                0x080051f8                enable_absoluteEncoderThread
 .text.wait4zeroThread
                0x08005204       0x30 Src/threads.o
                0x08005204                wait4zeroThread
 .text.disable_absoluteEncoderThread
                0x08005234        0xc Src/threads.o
                0x08005234                disable_absoluteEncoderThread
 .text.enable_VL53L0XThread
                0x08005240        0xc Src/threads.o
                0x08005240                enable_VL53L0XThread
 .text.absoluteEncoderThread
                0x0800524c       0x34 Src/threads.o
                0x0800524c                absoluteEncoderThread
 .text.disable_VL53L0XThread
                0x08005280        0xc Src/threads.o
                0x08005280                disable_VL53L0XThread
 .text.enable_bluetoothThread
                0x0800528c        0xc Src/threads.o
                0x0800528c                enable_bluetoothThread
 .text.VL53L0XThread
                0x08005298       0xb4 Src/threads.o
                0x08005298                VL53L0XThread
 .text.disable_bluetoothThread
                0x0800534c        0xc Src/threads.o
                0x0800534c                disable_bluetoothThread
 .text.bluetoothThread
                0x08005358       0x6c Src/threads.o
                0x08005358                bluetoothThread
 .text.enable_RGBThread
                0x080053c4        0xc Src/threads.o
                0x080053c4                enable_RGBThread
 .text.disable_RGBThread
                0x080053d0        0xc Src/threads.o
                0x080053d0                disable_RGBThread
 .text.UART_ServiceThread
                0x080053dc       0x44 Src/threads.o
                0x080053dc                UART_ServiceThread
 .text.enable_UART_ServiceThread
                0x08005420        0xc Src/threads.o
                0x08005420                enable_UART_ServiceThread
 .text.disable_UART_ServiceThread
                0x0800542c        0xc Src/threads.o
                0x0800542c                disable_UART_ServiceThread
 .text.RGBThread
                0x08005438      0x130 Src/threads.o
                0x08005438                RGBThread
 .text.Reset_Handler
                0x08005568       0x50 startup/startup_stm32f070xb.o
                0x08005568                Reset_Handler
 .text.Default_Handler
                0x080055b8        0x2 startup/startup_stm32f070xb.o
                0x080055b8                TIM1_CC_IRQHandler
                0x080055b8                SPI1_IRQHandler
                0x080055b8                USART3_4_IRQHandler
                0x080055b8                ADC1_IRQHandler
                0x080055b8                TIM17_IRQHandler
                0x080055b8                RTC_IRQHandler
                0x080055b8                TIM16_IRQHandler
                0x080055b8                TIM3_IRQHandler
                0x080055b8                RCC_IRQHandler
                0x080055b8                DMA1_Channel1_IRQHandler
                0x080055b8                Default_Handler
                0x080055b8                TIM14_IRQHandler
                0x080055b8                DMA1_Channel4_5_IRQHandler
                0x080055b8                TIM7_IRQHandler
                0x080055b8                TIM15_IRQHandler
                0x080055b8                EXTI0_1_IRQHandler
                0x080055b8                USB_IRQHandler
                0x080055b8                SPI2_IRQHandler
                0x080055b8                WWDG_IRQHandler
                0x080055b8                USART2_IRQHandler
                0x080055b8                FLASH_IRQHandler
                0x080055b8                TIM1_BRK_UP_TRG_COM_IRQHandler
 *fill*         0x080055ba        0x2 
 .text.__libc_init_array
                0x080055bc       0x48 c:/ac6/systemworkbench/plugins/fr.ac6.mcu.externaltools.arm-none.win32_1.16.0.201807130628/tools/compiler/bin/../lib/gcc/arm-none-eabi/7.2.1/../../../../arm-none-eabi/lib/thumb/v6-m\libc_nano.a(lib_a-init.o)
                0x080055bc                __libc_init_array
 .text.memcpy   0x08005604       0x12 c:/ac6/systemworkbench/plugins/fr.ac6.mcu.externaltools.arm-none.win32_1.16.0.201807130628/tools/compiler/bin/../lib/gcc/arm-none-eabi/7.2.1/../../../../arm-none-eabi/lib/thumb/v6-m\libc_nano.a(lib_a-memcpy-stub.o)
                0x08005604                memcpy
 .text.memset   0x08005616       0x10 c:/ac6/systemworkbench/plugins/fr.ac6.mcu.externaltools.arm-none.win32_1.16.0.201807130628/tools/compiler/bin/../lib/gcc/arm-none-eabi/7.2.1/../../../../arm-none-eabi/lib/thumb/v6-m\libc_nano.a(lib_a-memset.o)
                0x08005616                memset
 *fill*         0x08005626        0x2 
 .text._free_r  0x08005628       0x94 c:/ac6/systemworkbench/plugins/fr.ac6.mcu.externaltools.arm-none.win32_1.16.0.201807130628/tools/compiler/bin/../lib/gcc/arm-none-eabi/7.2.1/../../../../arm-none-eabi/lib/thumb/v6-m\libc_nano.a(lib_a-nano-freer.o)
                0x08005628                _free_r
 .text._malloc_r
                0x080056bc       0xbc c:/ac6/systemworkbench/plugins/fr.ac6.mcu.externaltools.arm-none.win32_1.16.0.201807130628/tools/compiler/bin/../lib/gcc/arm-none-eabi/7.2.1/../../../../arm-none-eabi/lib/thumb/v6-m\libc_nano.a(lib_a-nano-mallocr.o)
                0x080056bc                _malloc_r
 .text._printf_common
                0x08005778       0xda c:/ac6/systemworkbench/plugins/fr.ac6.mcu.externaltools.arm-none.win32_1.16.0.201807130628/tools/compiler/bin/../lib/gcc/arm-none-eabi/7.2.1/../../../../arm-none-eabi/lib/thumb/v6-m\libc_nano.a(lib_a-nano-vfprintf_i.o)
                0x08005778                _printf_common
 *fill*         0x08005852        0x2 
 .text._printf_i
                0x08005854      0x210 c:/ac6/systemworkbench/plugins/fr.ac6.mcu.externaltools.arm-none.win32_1.16.0.201807130628/tools/compiler/bin/../lib/gcc/arm-none-eabi/7.2.1/../../../../arm-none-eabi/lib/thumb/v6-m\libc_nano.a(lib_a-nano-vfprintf_i.o)
                0x08005854                _printf_i
 .text._sbrk_r  0x08005a64       0x24 c:/ac6/systemworkbench/plugins/fr.ac6.mcu.externaltools.arm-none.win32_1.16.0.201807130628/tools/compiler/bin/../lib/gcc/arm-none-eabi/7.2.1/../../../../arm-none-eabi/lib/thumb/v6-m\libc_nano.a(lib_a-sbrkr.o)
                0x08005a64                _sbrk_r
 .text.sprintf  0x08005a88       0x40 c:/ac6/systemworkbench/plugins/fr.ac6.mcu.externaltools.arm-none.win32_1.16.0.201807130628/tools/compiler/bin/../lib/gcc/arm-none-eabi/7.2.1/../../../../arm-none-eabi/lib/thumb/v6-m\libc_nano.a(lib_a-sprintf.o)
                0x08005a88                siprintf
                0x08005a88                sprintf
 .text.memchr   0x08005ac8       0x16 c:/ac6/systemworkbench/plugins/fr.ac6.mcu.externaltools.arm-none.win32_1.16.0.201807130628/tools/compiler/bin/../lib/gcc/arm-none-eabi/7.2.1/../../../../arm-none-eabi/lib/thumb/v6-m\libc_nano.a(lib_a-memchr-stub.o)
                0x08005ac8                memchr
 .text.memmove  0x08005ade       0x26 c:/ac6/systemworkbench/plugins/fr.ac6.mcu.externaltools.arm-none.win32_1.16.0.201807130628/tools/compiler/bin/../lib/gcc/arm-none-eabi/7.2.1/../../../../arm-none-eabi/lib/thumb/v6-m\libc_nano.a(lib_a-memmove.o)
                0x08005ade                memmove
 .text.__malloc_lock
                0x08005b04        0x2 c:/ac6/systemworkbench/plugins/fr.ac6.mcu.externaltools.arm-none.win32_1.16.0.201807130628/tools/compiler/bin/../lib/gcc/arm-none-eabi/7.2.1/../../../../arm-none-eabi/lib/thumb/v6-m\libc_nano.a(lib_a-mlock.o)
                0x08005b04                __malloc_lock
 .text.__malloc_unlock
                0x08005b06        0x2 c:/ac6/systemworkbench/plugins/fr.ac6.mcu.externaltools.arm-none.win32_1.16.0.201807130628/tools/compiler/bin/../lib/gcc/arm-none-eabi/7.2.1/../../../../arm-none-eabi/lib/thumb/v6-m\libc_nano.a(lib_a-mlock.o)
                0x08005b06                __malloc_unlock
 .text._realloc_r
                0x08005b08       0x4c c:/ac6/systemworkbench/plugins/fr.ac6.mcu.externaltools.arm-none.win32_1.16.0.201807130628/tools/compiler/bin/../lib/gcc/arm-none-eabi/7.2.1/../../../../arm-none-eabi/lib/thumb/v6-m\libc_nano.a(lib_a-nano-reallocr.o)
                0x08005b08                _realloc_r
 .text.__ssputs_r
                0x08005b54       0xc4 c:/ac6/systemworkbench/plugins/fr.ac6.mcu.externaltools.arm-none.win32_1.16.0.201807130628/tools/compiler/bin/../lib/gcc/arm-none-eabi/7.2.1/../../../../arm-none-eabi/lib/thumb/v6-m\libc_nano.a(lib_a-nano-svfprintf.o)
                0x08005b54                __ssputs_r
 .text._svfprintf_r
                0x08005c18      0x1fc c:/ac6/systemworkbench/plugins/fr.ac6.mcu.externaltools.arm-none.win32_1.16.0.201807130628/tools/compiler/bin/../lib/gcc/arm-none-eabi/7.2.1/../../../../arm-none-eabi/lib/thumb/v6-m\libc_nano.a(lib_a-nano-svfprintf.o)
                0x08005c18                _svfiprintf_r
                0x08005c18                _svfprintf_r
 .text._malloc_usable_size_r
                0x08005e14       0x10 c:/ac6/systemworkbench/plugins/fr.ac6.mcu.externaltools.arm-none.win32_1.16.0.201807130628/tools/compiler/bin/../lib/gcc/arm-none-eabi/7.2.1/../../../../arm-none-eabi/lib/thumb/v6-m\libc_nano.a(lib_a-nano-msizer.o)
                0x08005e14                _malloc_usable_size_r
 .text._sbrk    0x08005e24       0x1c c:/ac6/systemworkbench/plugins/fr.ac6.mcu.externaltools.arm-none.win32_1.16.0.201807130628/tools/compiler/bin/../lib/gcc/arm-none-eabi/7.2.1/../../../../arm-none-eabi/lib/thumb/v6-m\libnosys.a(sbrk.o)
                0x08005e24                _sbrk
 *(.glue_7)
 .glue_7        0x08005e40        0x0 linker stubs
 *(.glue_7t)
 .glue_7t       0x08005e40        0x0 linker stubs
 *(.eh_frame)
 .eh_frame      0x08005e40        0x0 c:/ac6/systemworkbench/plugins/fr.ac6.mcu.externaltools.arm-none.win32_1.16.0.201807130628/tools/compiler/bin/../lib/gcc/arm-none-eabi/7.2.1/thumb/v6-m/crtbegin.o
 *(.init)
 .init          0x08005e40        0x4 c:/ac6/systemworkbench/plugins/fr.ac6.mcu.externaltools.arm-none.win32_1.16.0.201807130628/tools/compiler/bin/../lib/gcc/arm-none-eabi/7.2.1/thumb/v6-m/crti.o
                0x08005e40                _init
 .init          0x08005e44        0x8 c:/ac6/systemworkbench/plugins/fr.ac6.mcu.externaltools.arm-none.win32_1.16.0.201807130628/tools/compiler/bin/../lib/gcc/arm-none-eabi/7.2.1/thumb/v6-m/crtn.o
 *(.fini)
 .fini          0x08005e4c        0x4 c:/ac6/systemworkbench/plugins/fr.ac6.mcu.externaltools.arm-none.win32_1.16.0.201807130628/tools/compiler/bin/../lib/gcc/arm-none-eabi/7.2.1/thumb/v6-m/crti.o
                0x08005e4c                _fini
 .fini          0x08005e50        0x8 c:/ac6/systemworkbench/plugins/fr.ac6.mcu.externaltools.arm-none.win32_1.16.0.201807130628/tools/compiler/bin/../lib/gcc/arm-none-eabi/7.2.1/thumb/v6-m/crtn.o
                0x08005e58                . = ALIGN (0x4)
                0x08005e58                _etext = .

.vfp11_veneer   0x08005e58        0x0
 .vfp11_veneer  0x08005e58        0x0 linker stubs

.v4_bx          0x08005e58        0x0
 .v4_bx         0x08005e58        0x0 linker stubs

.iplt           0x08005e58        0x0
 .iplt          0x08005e58        0x0 c:/ac6/systemworkbench/plugins/fr.ac6.mcu.externaltools.arm-none.win32_1.16.0.201807130628/tools/compiler/bin/../lib/gcc/arm-none-eabi/7.2.1/thumb/v6-m/crtbegin.o

.rodata         0x08005e58      0x1dc
                0x08005e58                . = ALIGN (0x4)
 *(.rodata)
 .rodata        0x08005e58      0x108 Drivers/Api/core/src/vl53l0x_api.o
 .rodata        0x08005f60       0x20 Drivers/STM32F0xx_HAL_Driver/Src/stm32f0xx_hal_rcc.o
 .rodata        0x08005f80       0x18 Src/system_stm32f0xx.o
                0x08005f80                AHBPrescTable
                0x08005f90                APBPrescTable
 *(.rodata*)
 .rodata.str1.4
                0x08005f98        0x8 Src/serial.o
                                  0x7 (size before relaxing)
 .rodata.__sf_fake_stderr
                0x08005fa0       0x20 c:/ac6/systemworkbench/plugins/fr.ac6.mcu.externaltools.arm-none.win32_1.16.0.201807130628/tools/compiler/bin/../lib/gcc/arm-none-eabi/7.2.1/../../../../arm-none-eabi/lib/thumb/v6-m\libc_nano.a(lib_a-findfp.o)
                0x08005fa0                __sf_fake_stderr
 .rodata.__sf_fake_stdin
                0x08005fc0       0x20 c:/ac6/systemworkbench/plugins/fr.ac6.mcu.externaltools.arm-none.win32_1.16.0.201807130628/tools/compiler/bin/../lib/gcc/arm-none-eabi/7.2.1/../../../../arm-none-eabi/lib/thumb/v6-m\libc_nano.a(lib_a-findfp.o)
                0x08005fc0                __sf_fake_stdin
 .rodata.__sf_fake_stdout
                0x08005fe0       0x20 c:/ac6/systemworkbench/plugins/fr.ac6.mcu.externaltools.arm-none.win32_1.16.0.201807130628/tools/compiler/bin/../lib/gcc/arm-none-eabi/7.2.1/../../../../arm-none-eabi/lib/thumb/v6-m\libc_nano.a(lib_a-findfp.o)
                0x08005fe0                __sf_fake_stdout
 .rodata._printf_i.str1.1
                0x08006000       0x22 c:/ac6/systemworkbench/plugins/fr.ac6.mcu.externaltools.arm-none.win32_1.16.0.201807130628/tools/compiler/bin/../lib/gcc/arm-none-eabi/7.2.1/../../../../arm-none-eabi/lib/thumb/v6-m\libc_nano.a(lib_a-nano-vfprintf_i.o)
 .rodata._svfprintf_r.str1.1
                0x08006022       0x11 c:/ac6/systemworkbench/plugins/fr.ac6.mcu.externaltools.arm-none.win32_1.16.0.201807130628/tools/compiler/bin/../lib/gcc/arm-none-eabi/7.2.1/../../../../arm-none-eabi/lib/thumb/v6-m\libc_nano.a(lib_a-nano-svfprintf.o)
                0x08006034                . = ALIGN (0x4)
 *fill*         0x08006033        0x1 

.rel.dyn        0x08006034        0x0
 .rel.iplt      0x08006034        0x0 c:/ac6/systemworkbench/plugins/fr.ac6.mcu.externaltools.arm-none.win32_1.16.0.201807130628/tools/compiler/bin/../lib/gcc/arm-none-eabi/7.2.1/thumb/v6-m/crtbegin.o

.ARM.extab
 *(.ARM.extab* .gnu.linkonce.armextab.*)

.ARM            0x08006034        0x0
                0x08006034                __exidx_start = .
 *(.ARM.exidx*)
                0x08006034                __exidx_end = .

.preinit_array  0x08006034        0x0
                0x08006034                PROVIDE (__preinit_array_start, .)
 *(.preinit_array*)
                0x08006034                PROVIDE (__preinit_array_end, .)

.init_array     0x08006034        0x4
                0x08006034                PROVIDE (__init_array_start, .)
 *(SORT_BY_NAME(.init_array.*))
 *(.init_array*)
 .init_array    0x08006034        0x4 c:/ac6/systemworkbench/plugins/fr.ac6.mcu.externaltools.arm-none.win32_1.16.0.201807130628/tools/compiler/bin/../lib/gcc/arm-none-eabi/7.2.1/thumb/v6-m/crtbegin.o
                0x08006038                PROVIDE (__init_array_end, .)

.fini_array     0x08006038        0x4
                [!provide]                PROVIDE (__fini_array_start, .)
 *(SORT_BY_NAME(.fini_array.*))
 *(.fini_array*)
 .fini_array    0x08006038        0x4 c:/ac6/systemworkbench/plugins/fr.ac6.mcu.externaltools.arm-none.win32_1.16.0.201807130628/tools/compiler/bin/../lib/gcc/arm-none-eabi/7.2.1/thumb/v6-m/crtbegin.o
                [!provide]                PROVIDE (__fini_array_end, .)
                0x0800603c                _sidata = LOADADDR (.data)

.data           0x20000000      0x31c load address 0x0800603c
                0x20000000                . = ALIGN (0x4)
                0x20000000                _sdata = .
 *(.data)
 .data          0x20000000      0x2ab Drivers/Api/core/src/vl53l0x_api.o
                0x20000000                InterruptThresholdSettings
                0x200001b8                DefaultTuningSettings
 *fill*         0x200002ab        0x1 
 .data          0x200002ac        0x4 Src/system_stm32f0xx.o
                0x200002ac                SystemCoreClock
 .data          0x200002b0        0x8 Src/threads.o
                0x200002b4                LED_BlinkingDelay
 *(.data*)
 .data._impure_ptr
                0x200002b8        0x4 c:/ac6/systemworkbench/plugins/fr.ac6.mcu.externaltools.arm-none.win32_1.16.0.201807130628/tools/compiler/bin/../lib/gcc/arm-none-eabi/7.2.1/../../../../arm-none-eabi/lib/thumb/v6-m\libc_nano.a(lib_a-impure.o)
                0x200002b8                _impure_ptr
 .data.impure_data
                0x200002bc       0x60 c:/ac6/systemworkbench/plugins/fr.ac6.mcu.externaltools.arm-none.win32_1.16.0.201807130628/tools/compiler/bin/../lib/gcc/arm-none-eabi/7.2.1/../../../../arm-none-eabi/lib/thumb/v6-m\libc_nano.a(lib_a-impure.o)
                0x2000031c                . = ALIGN (0x4)
                0x2000031c                _edata = .

.igot.plt       0x2000031c        0x0 load address 0x08006358
 .igot.plt      0x2000031c        0x0 c:/ac6/systemworkbench/plugins/fr.ac6.mcu.externaltools.arm-none.win32_1.16.0.201807130628/tools/compiler/bin/../lib/gcc/arm-none-eabi/7.2.1/thumb/v6-m/crtbegin.o
                0x2000031c                . = ALIGN (0x4)

.bss            0x2000031c      0xa74 load address 0x08006358
                0x2000031c                _sbss = .
                0x2000031c                __bss_start__ = _sbss
 *(.bss)
 .bss           0x2000031c       0x1c c:/ac6/systemworkbench/plugins/fr.ac6.mcu.externaltools.arm-none.win32_1.16.0.201807130628/tools/compiler/bin/../lib/gcc/arm-none-eabi/7.2.1/thumb/v6-m/crtbegin.o
 .bss           0x20000338        0x1 Src/kernel.o
                0x20000338                bluetoothConnection
 *fill*         0x20000339        0x1 
 .bss           0x2000033a        0x4 Src/main.o
                0x2000033a                ToF_status
                0x2000033b                dataStatus
                0x2000033c                counter
 *fill*         0x2000033e        0x2 
 .bss           0x20000340       0x20 Src/threads.o
                0x20000340                absoluteEncoderThreadCounter
                0x20000344                bluetoothTransmissionSuccessful
                0x20000345                bluetoothIncomingDataAvaible
                0x20000346                wait4zeroThreadEnabled
                0x20000347                absoluteEncoderThreadEnabled
                0x20000348                VL53L0XThreadEnabled
                0x2000034a                bluetoothThreadEnabled
                0x2000034b                Lidar_Status
                0x2000034c                RGBThreadEnabled
                0x2000034d                UART_ServiceThreadEnabled
                0x2000034e                RGB_mode
                0x20000350                UART_ServiceThreadCounter
                0x20000354                RGBThreadCounter
                0x20000358                bluetoothThreadCounter
                0x2000035c                VL53L0XThreadCounter
 *(.bss*)
 .bss.__malloc_free_list
                0x20000360        0x4 c:/ac6/systemworkbench/plugins/fr.ac6.mcu.externaltools.arm-none.win32_1.16.0.201807130628/tools/compiler/bin/../lib/gcc/arm-none-eabi/7.2.1/../../../../arm-none-eabi/lib/thumb/v6-m\libc_nano.a(lib_a-nano-mallocr.o)
                0x20000360                __malloc_free_list
 .bss.__malloc_sbrk_start
                0x20000364        0x4 c:/ac6/systemworkbench/plugins/fr.ac6.mcu.externaltools.arm-none.win32_1.16.0.201807130628/tools/compiler/bin/../lib/gcc/arm-none-eabi/7.2.1/../../../../arm-none-eabi/lib/thumb/v6-m\libc_nano.a(lib_a-nano-mallocr.o)
                0x20000364                __malloc_sbrk_start
 .bss.heap_end.4102
                0x20000368        0x4 c:/ac6/systemworkbench/plugins/fr.ac6.mcu.externaltools.arm-none.win32_1.16.0.201807130628/tools/compiler/bin/../lib/gcc/arm-none-eabi/7.2.1/../../../../arm-none-eabi/lib/thumb/v6-m\libnosys.a(sbrk.o)
 *(COMMON)
 COMMON         0x2000036c        0x4 Drivers/STM32F0xx_HAL_Driver/Src/stm32f0xx_hal.o
                0x2000036c                uwTick
 COMMON         0x20000370      0x588 Src/LidarLib.o
                0x20000370                leftSensor
                0x200004d0                absolutePosition_GrayCoded
                0x200004d4                rightSensor
                0x20000634                backSensor
                0x20000794                absolutePosition_BinaryCoded
                0x20000798                frontSensor
 COMMON         0x200008f8      0x38c Src/main.o
                0x200008f8                hi2c1
                0x20000944                hi2c2
                0x20000990                hdma_usart1_tx
                0x200009d4                measuredData
                0x200009f0                hdma_usart1_rx
                0x20000a34                ToF_sensor
                0x20000b94                huart1
                0x20000c04                htim6
                0x20000c44                htim7
 COMMON         0x20000c84      0x108 Src/threads.o
                0x20000c84                bluetoothReceiveBuffer
                0x20000c88                bluetoothDataBuffer
 COMMON         0x20000d8c        0x4 c:/ac6/systemworkbench/plugins/fr.ac6.mcu.externaltools.arm-none.win32_1.16.0.201807130628/tools/compiler/bin/../lib/gcc/arm-none-eabi/7.2.1/../../../../arm-none-eabi/lib/thumb/v6-m\libc_nano.a(lib_a-reent.o)
                0x20000d8c                errno
                0x20000d90                . = ALIGN (0x4)
                0x20000d90                _ebss = .
                0x20000d90                __bss_end__ = _ebss

._user_heap_stack
                0x20000d90      0x600 load address 0x08006358
                0x20000d90                . = ALIGN (0x8)
                0x20000d90                PROVIDE (end, .)
                [!provide]                PROVIDE (_end, .)
                0x20000f90                . = (. + _Min_Heap_Size)
 *fill*         0x20000d90      0x200 
                0x20001390                . = (. + _Min_Stack_Size)
 *fill*         0x20000f90      0x400 
                0x20001390                . = ALIGN (0x8)

/DISCARD/
 libc.a(*)
 libm.a(*)
 libgcc.a(*)

.ARM.attributes
                0x00000000       0x28
 *(.ARM.attributes)
 .ARM.attributes
                0x00000000       0x1e c:/ac6/systemworkbench/plugins/fr.ac6.mcu.externaltools.arm-none.win32_1.16.0.201807130628/tools/compiler/bin/../lib/gcc/arm-none-eabi/7.2.1/thumb/v6-m/crti.o
 .ARM.attributes
                0x0000001e       0x2c c:/ac6/systemworkbench/plugins/fr.ac6.mcu.externaltools.arm-none.win32_1.16.0.201807130628/tools/compiler/bin/../lib/gcc/arm-none-eabi/7.2.1/thumb/v6-m/crtbegin.o
 .ARM.attributes
                0x0000004a       0x31 Drivers/Api/core/src/vl53l0x_api.o
 .ARM.attributes
                0x0000007b       0x31 Drivers/Api/core/src/vl53l0x_api_calibration.o
 .ARM.attributes
                0x000000ac       0x31 Drivers/Api/core/src/vl53l0x_api_core.o
 .ARM.attributes
                0x000000dd       0x31 Drivers/Api/platform/src/vl53l0x_i2c_platform.o
 .ARM.attributes
                0x0000010e       0x31 Drivers/Api/platform/src/vl53l0x_platform.o
 .ARM.attributes
                0x0000013f       0x31 Drivers/STM32F0xx_HAL_Driver/Src/stm32f0xx_hal.o
 .ARM.attributes
                0x00000170       0x31 Drivers/STM32F0xx_HAL_Driver/Src/stm32f0xx_hal_cortex.o
 .ARM.attributes
                0x000001a1       0x31 Drivers/STM32F0xx_HAL_Driver/Src/stm32f0xx_hal_dma.o
 .ARM.attributes
                0x000001d2       0x31 Drivers/STM32F0xx_HAL_Driver/Src/stm32f0xx_hal_gpio.o
 .ARM.attributes
                0x00000203       0x31 Drivers/STM32F0xx_HAL_Driver/Src/stm32f0xx_hal_i2c.o
 .ARM.attributes
                0x00000234       0x31 Drivers/STM32F0xx_HAL_Driver/Src/stm32f0xx_hal_i2c_ex.o
 .ARM.attributes
                0x00000265       0x31 Drivers/STM32F0xx_HAL_Driver/Src/stm32f0xx_hal_rcc.o
 .ARM.attributes
                0x00000296       0x31 Drivers/STM32F0xx_HAL_Driver/Src/stm32f0xx_hal_rcc_ex.o
 .ARM.attributes
                0x000002c7       0x31 Drivers/STM32F0xx_HAL_Driver/Src/stm32f0xx_hal_tim.o
 .ARM.attributes
                0x000002f8       0x31 Drivers/STM32F0xx_HAL_Driver/Src/stm32f0xx_hal_tim_ex.o
 .ARM.attributes
                0x00000329       0x31 Drivers/STM32F0xx_HAL_Driver/Src/stm32f0xx_hal_uart.o
 .ARM.attributes
                0x0000035a       0x31 Src/LidarLib.o
 .ARM.attributes
                0x0000038b       0x31 Src/kernel.o
 .ARM.attributes
                0x000003bc       0x31 Src/main.o
 .ARM.attributes
                0x000003ed       0x31 Src/serial.o
 .ARM.attributes
                0x0000041e       0x31 Src/stm32f0xx_hal_msp.o
 .ARM.attributes
                0x0000044f       0x31 Src/stm32f0xx_it.o
 .ARM.attributes
                0x00000480       0x31 Src/system_stm32f0xx.o
 .ARM.attributes
                0x000004b1       0x31 Src/threads.o
 .ARM.attributes
                0x000004e2       0x21 startup/startup_stm32f070xb.o
 .ARM.attributes
                0x00000503       0x1e c:/ac6/systemworkbench/plugins/fr.ac6.mcu.externaltools.arm-none.win32_1.16.0.201807130628/tools/compiler/bin/../lib/gcc/arm-none-eabi/7.2.1/thumb/v6-m\libgcc.a(_udivsi3.o)
 .ARM.attributes
                0x00000521       0x1e c:/ac6/systemworkbench/plugins/fr.ac6.mcu.externaltools.arm-none.win32_1.16.0.201807130628/tools/compiler/bin/../lib/gcc/arm-none-eabi/7.2.1/thumb/v6-m\libgcc.a(_divsi3.o)
 .ARM.attributes
                0x0000053f       0x1e c:/ac6/systemworkbench/plugins/fr.ac6.mcu.externaltools.arm-none.win32_1.16.0.201807130628/tools/compiler/bin/../lib/gcc/arm-none-eabi/7.2.1/thumb/v6-m\libgcc.a(_dvmd_tls.o)
 .ARM.attributes
                0x0000055d       0x2c c:/ac6/systemworkbench/plugins/fr.ac6.mcu.externaltools.arm-none.win32_1.16.0.201807130628/tools/compiler/bin/../lib/gcc/arm-none-eabi/7.2.1/../../../../arm-none-eabi/lib/thumb/v6-m\libc_nano.a(lib_a-findfp.o)
 .ARM.attributes
                0x00000589       0x2c c:/ac6/systemworkbench/plugins/fr.ac6.mcu.externaltools.arm-none.win32_1.16.0.201807130628/tools/compiler/bin/../lib/gcc/arm-none-eabi/7.2.1/../../../../arm-none-eabi/lib/thumb/v6-m\libc_nano.a(lib_a-impure.o)
 .ARM.attributes
                0x000005b5       0x2c c:/ac6/systemworkbench/plugins/fr.ac6.mcu.externaltools.arm-none.win32_1.16.0.201807130628/tools/compiler/bin/../lib/gcc/arm-none-eabi/7.2.1/../../../../arm-none-eabi/lib/thumb/v6-m\libc_nano.a(lib_a-init.o)
 .ARM.attributes
                0x000005e1       0x2c c:/ac6/systemworkbench/plugins/fr.ac6.mcu.externaltools.arm-none.win32_1.16.0.201807130628/tools/compiler/bin/../lib/gcc/arm-none-eabi/7.2.1/../../../../arm-none-eabi/lib/thumb/v6-m\libc_nano.a(lib_a-memcpy-stub.o)
 .ARM.attributes
                0x0000060d       0x2c c:/ac6/systemworkbench/plugins/fr.ac6.mcu.externaltools.arm-none.win32_1.16.0.201807130628/tools/compiler/bin/../lib/gcc/arm-none-eabi/7.2.1/../../../../arm-none-eabi/lib/thumb/v6-m\libc_nano.a(lib_a-memset.o)
 .ARM.attributes
                0x00000639       0x2c c:/ac6/systemworkbench/plugins/fr.ac6.mcu.externaltools.arm-none.win32_1.16.0.201807130628/tools/compiler/bin/../lib/gcc/arm-none-eabi/7.2.1/../../../../arm-none-eabi/lib/thumb/v6-m\libc_nano.a(lib_a-nano-freer.o)
 .ARM.attributes
                0x00000665       0x2c c:/ac6/systemworkbench/plugins/fr.ac6.mcu.externaltools.arm-none.win32_1.16.0.201807130628/tools/compiler/bin/../lib/gcc/arm-none-eabi/7.2.1/../../../../arm-none-eabi/lib/thumb/v6-m\libc_nano.a(lib_a-nano-mallocr.o)
 .ARM.attributes
                0x00000691       0x2c c:/ac6/systemworkbench/plugins/fr.ac6.mcu.externaltools.arm-none.win32_1.16.0.201807130628/tools/compiler/bin/../lib/gcc/arm-none-eabi/7.2.1/../../../../arm-none-eabi/lib/thumb/v6-m\libc_nano.a(lib_a-nano-vfprintf_i.o)
 .ARM.attributes
                0x000006bd       0x2c c:/ac6/systemworkbench/plugins/fr.ac6.mcu.externaltools.arm-none.win32_1.16.0.201807130628/tools/compiler/bin/../lib/gcc/arm-none-eabi/7.2.1/../../../../arm-none-eabi/lib/thumb/v6-m\libc_nano.a(lib_a-reent.o)
 .ARM.attributes
                0x000006e9       0x2c c:/ac6/systemworkbench/plugins/fr.ac6.mcu.externaltools.arm-none.win32_1.16.0.201807130628/tools/compiler/bin/../lib/gcc/arm-none-eabi/7.2.1/../../../../arm-none-eabi/lib/thumb/v6-m\libc_nano.a(lib_a-sbrkr.o)
 .ARM.attributes
                0x00000715       0x2c c:/ac6/systemworkbench/plugins/fr.ac6.mcu.externaltools.arm-none.win32_1.16.0.201807130628/tools/compiler/bin/../lib/gcc/arm-none-eabi/7.2.1/../../../../arm-none-eabi/lib/thumb/v6-m\libc_nano.a(lib_a-sprintf.o)
 .ARM.attributes
                0x00000741       0x1c c:/ac6/systemworkbench/plugins/fr.ac6.mcu.externaltools.arm-none.win32_1.16.0.201807130628/tools/compiler/bin/../lib/gcc/arm-none-eabi/7.2.1/../../../../arm-none-eabi/lib/thumb/v6-m\libc_nano.a(lib_a-strlen.o)
 .ARM.attributes
                0x0000075d       0x2c c:/ac6/systemworkbench/plugins/fr.ac6.mcu.externaltools.arm-none.win32_1.16.0.201807130628/tools/compiler/bin/../lib/gcc/arm-none-eabi/7.2.1/../../../../arm-none-eabi/lib/thumb/v6-m\libc_nano.a(lib_a-memchr-stub.o)
 .ARM.attributes
                0x00000789       0x2c c:/ac6/systemworkbench/plugins/fr.ac6.mcu.externaltools.arm-none.win32_1.16.0.201807130628/tools/compiler/bin/../lib/gcc/arm-none-eabi/7.2.1/../../../../arm-none-eabi/lib/thumb/v6-m\libc_nano.a(lib_a-memmove.o)
 .ARM.attributes
                0x000007b5       0x2c c:/ac6/systemworkbench/plugins/fr.ac6.mcu.externaltools.arm-none.win32_1.16.0.201807130628/tools/compiler/bin/../lib/gcc/arm-none-eabi/7.2.1/../../../../arm-none-eabi/lib/thumb/v6-m\libc_nano.a(lib_a-mlock.o)
 .ARM.attributes
                0x000007e1       0x2c c:/ac6/systemworkbench/plugins/fr.ac6.mcu.externaltools.arm-none.win32_1.16.0.201807130628/tools/compiler/bin/../lib/gcc/arm-none-eabi/7.2.1/../../../../arm-none-eabi/lib/thumb/v6-m\libc_nano.a(lib_a-nano-reallocr.o)
 .ARM.attributes
                0x0000080d       0x2c c:/ac6/systemworkbench/plugins/fr.ac6.mcu.externaltools.arm-none.win32_1.16.0.201807130628/tools/compiler/bin/../lib/gcc/arm-none-eabi/7.2.1/../../../../arm-none-eabi/lib/thumb/v6-m\libc_nano.a(lib_a-nano-svfprintf.o)
 .ARM.attributes
                0x00000839       0x2c c:/ac6/systemworkbench/plugins/fr.ac6.mcu.externaltools.arm-none.win32_1.16.0.201807130628/tools/compiler/bin/../lib/gcc/arm-none-eabi/7.2.1/../../../../arm-none-eabi/lib/thumb/v6-m\libc_nano.a(lib_a-nano-msizer.o)
 .ARM.attributes
                0x00000865       0x2c c:/ac6/systemworkbench/plugins/fr.ac6.mcu.externaltools.arm-none.win32_1.16.0.201807130628/tools/compiler/bin/../lib/gcc/arm-none-eabi/7.2.1/../../../../arm-none-eabi/lib/thumb/v6-m\libnosys.a(sbrk.o)
 .ARM.attributes
                0x00000891       0x1e c:/ac6/systemworkbench/plugins/fr.ac6.mcu.externaltools.arm-none.win32_1.16.0.201807130628/tools/compiler/bin/../lib/gcc/arm-none-eabi/7.2.1/thumb/v6-m/crtn.o
OUTPUT(KR_LB.elf elf32-littlearm)

.debug_info     0x00000000    0x2b34b
 .debug_info    0x00000000     0x4e2c Drivers/Api/core/src/vl53l0x_api.o
 .debug_info    0x00004e2c     0x28e7 Drivers/Api/core/src/vl53l0x_api_calibration.o
 .debug_info    0x00007713     0x376f Drivers/Api/core/src/vl53l0x_api_core.o
 .debug_info    0x0000ae82     0x13f3 Drivers/Api/platform/src/vl53l0x_i2c_platform.o
 .debug_info    0x0000c275     0x1464 Drivers/Api/platform/src/vl53l0x_platform.o
 .debug_info    0x0000d6d9      0xe6e Drivers/STM32F0xx_HAL_Driver/Src/stm32f0xx_hal.o
 .debug_info    0x0000e547      0xfe3 Drivers/STM32F0xx_HAL_Driver/Src/stm32f0xx_hal_cortex.o
 .debug_info    0x0000f52a     0x1028 Drivers/STM32F0xx_HAL_Driver/Src/stm32f0xx_hal_dma.o
 .debug_info    0x00010552      0xe63 Drivers/STM32F0xx_HAL_Driver/Src/stm32f0xx_hal_gpio.o
 .debug_info    0x000113b5     0x39b6 Drivers/STM32F0xx_HAL_Driver/Src/stm32f0xx_hal_i2c.o
 .debug_info    0x00014d6b     0x103f Drivers/STM32F0xx_HAL_Driver/Src/stm32f0xx_hal_i2c_ex.o
 .debug_info    0x00015daa     0x1141 Drivers/STM32F0xx_HAL_Driver/Src/stm32f0xx_hal_rcc.o
 .debug_info    0x00016eeb      0xc42 Drivers/STM32F0xx_HAL_Driver/Src/stm32f0xx_hal_rcc_ex.o
 .debug_info    0x00017b2d     0x36ed Drivers/STM32F0xx_HAL_Driver/Src/stm32f0xx_hal_tim.o
 .debug_info    0x0001b21a     0x1a8f Drivers/STM32F0xx_HAL_Driver/Src/stm32f0xx_hal_tim_ex.o
 .debug_info    0x0001cca9     0x1ff5 Drivers/STM32F0xx_HAL_Driver/Src/stm32f0xx_hal_uart.o
 .debug_info    0x0001ec9e     0x1d2a Src/LidarLib.o
 .debug_info    0x000209c8     0x19d5 Src/kernel.o
 .debug_info    0x0002239d     0x2612 Src/main.o
 .debug_info    0x000249af     0x1108 Src/serial.o
 .debug_info    0x00025ab7     0x1ae1 Src/stm32f0xx_hal_msp.o
 .debug_info    0x00027598     0x1592 Src/stm32f0xx_it.o
 .debug_info    0x00028b2a      0xa74 Src/system_stm32f0xx.o
 .debug_info    0x0002959e     0x1d8b Src/threads.o
 .debug_info    0x0002b329       0x22 startup/startup_stm32f070xb.o

.debug_abbrev   0x00000000     0x42aa
 .debug_abbrev  0x00000000      0x341 Drivers/Api/core/src/vl53l0x_api.o
 .debug_abbrev  0x00000341      0x356 Drivers/Api/core/src/vl53l0x_api_calibration.o
 .debug_abbrev  0x00000697      0x35d Drivers/Api/core/src/vl53l0x_api_core.o
 .debug_abbrev  0x000009f4      0x24d Drivers/Api/platform/src/vl53l0x_i2c_platform.o
 .debug_abbrev  0x00000c41      0x29c Drivers/Api/platform/src/vl53l0x_platform.o
 .debug_abbrev  0x00000edd      0x2f6 Drivers/STM32F0xx_HAL_Driver/Src/stm32f0xx_hal.o
 .debug_abbrev  0x000011d3      0x328 Drivers/STM32F0xx_HAL_Driver/Src/stm32f0xx_hal_cortex.o
 .debug_abbrev  0x000014fb      0x2d0 Drivers/STM32F0xx_HAL_Driver/Src/stm32f0xx_hal_dma.o
 .debug_abbrev  0x000017cb      0x2a7 Drivers/STM32F0xx_HAL_Driver/Src/stm32f0xx_hal_gpio.o
 .debug_abbrev  0x00001a72      0x2df Drivers/STM32F0xx_HAL_Driver/Src/stm32f0xx_hal_i2c.o
 .debug_abbrev  0x00001d51      0x266 Drivers/STM32F0xx_HAL_Driver/Src/stm32f0xx_hal_i2c_ex.o
 .debug_abbrev  0x00001fb7      0x2ea Drivers/STM32F0xx_HAL_Driver/Src/stm32f0xx_hal_rcc.o
 .debug_abbrev  0x000022a1      0x2a5 Drivers/STM32F0xx_HAL_Driver/Src/stm32f0xx_hal_rcc_ex.o
 .debug_abbrev  0x00002546      0x2e0 Drivers/STM32F0xx_HAL_Driver/Src/stm32f0xx_hal_tim.o
 .debug_abbrev  0x00002826      0x2e0 Drivers/STM32F0xx_HAL_Driver/Src/stm32f0xx_hal_tim_ex.o
 .debug_abbrev  0x00002b06      0x2cb Drivers/STM32F0xx_HAL_Driver/Src/stm32f0xx_hal_uart.o
 .debug_abbrev  0x00002dd1      0x2ac Src/LidarLib.o
 .debug_abbrev  0x0000307d      0x25e Src/kernel.o
 .debug_abbrev  0x000032db      0x332 Src/main.o
 .debug_abbrev  0x0000360d      0x285 Src/serial.o
 .debug_abbrev  0x00003892      0x2c4 Src/stm32f0xx_hal_msp.o
 .debug_abbrev  0x00003b56      0x25f Src/stm32f0xx_it.o
 .debug_abbrev  0x00003db5      0x205 Src/system_stm32f0xx.o
 .debug_abbrev  0x00003fba      0x2de Src/threads.o
 .debug_abbrev  0x00004298       0x12 startup/startup_stm32f070xb.o

.debug_loc      0x00000000    0x15b3a
 .debug_loc     0x00000000     0x4256 Drivers/Api/core/src/vl53l0x_api.o
 .debug_loc     0x00004256     0x1f38 Drivers/Api/core/src/vl53l0x_api_calibration.o
 .debug_loc     0x0000618e     0x2fc7 Drivers/Api/core/src/vl53l0x_api_core.o
 .debug_loc     0x00009155      0x4a6 Drivers/Api/platform/src/vl53l0x_i2c_platform.o
 .debug_loc     0x000095fb      0x7aa Drivers/Api/platform/src/vl53l0x_platform.o
 .debug_loc     0x00009da5       0x7c Drivers/STM32F0xx_HAL_Driver/Src/stm32f0xx_hal.o
 .debug_loc     0x00009e21      0x393 Drivers/STM32F0xx_HAL_Driver/Src/stm32f0xx_hal_cortex.o
 .debug_loc     0x0000a1b4      0x7ee Drivers/STM32F0xx_HAL_Driver/Src/stm32f0xx_hal_dma.o
 .debug_loc     0x0000a9a2      0x2fe Drivers/STM32F0xx_HAL_Driver/Src/stm32f0xx_hal_gpio.o
 .debug_loc     0x0000aca0     0x3a3c Drivers/STM32F0xx_HAL_Driver/Src/stm32f0xx_hal_i2c.o
 .debug_loc     0x0000e6dc      0x19f Drivers/STM32F0xx_HAL_Driver/Src/stm32f0xx_hal_i2c_ex.o
 .debug_loc     0x0000e87b      0x454 Drivers/STM32F0xx_HAL_Driver/Src/stm32f0xx_hal_rcc.o
 .debug_loc     0x0000eccf      0x4f4 Drivers/STM32F0xx_HAL_Driver/Src/stm32f0xx_hal_rcc_ex.o
 .debug_loc     0x0000f1c3     0x37c7 Drivers/STM32F0xx_HAL_Driver/Src/stm32f0xx_hal_tim.o
 .debug_loc     0x0001298a     0x10f1 Drivers/STM32F0xx_HAL_Driver/Src/stm32f0xx_hal_tim_ex.o
 .debug_loc     0x00013a7b     0x1677 Drivers/STM32F0xx_HAL_Driver/Src/stm32f0xx_hal_uart.o
 .debug_loc     0x000150f2      0x503 Src/LidarLib.o
 .debug_loc     0x000155f5      0x199 Src/serial.o
 .debug_loc     0x0001578e      0x1b4 Src/stm32f0xx_hal_msp.o
 .debug_loc     0x00015942      0x120 Src/system_stm32f0xx.o
 .debug_loc     0x00015a62       0xd8 Src/threads.o

.debug_aranges  0x00000000     0x1538
 .debug_aranges
                0x00000000      0x330 Drivers/Api/core/src/vl53l0x_api.o
 .debug_aranges
                0x00000330       0xd0 Drivers/Api/core/src/vl53l0x_api_calibration.o
 .debug_aranges
                0x00000400       0xe0 Drivers/Api/core/src/vl53l0x_api_core.o
 .debug_aranges
                0x000004e0       0xa8 Drivers/Api/platform/src/vl53l0x_i2c_platform.o
 .debug_aranges
                0x00000588       0x78 Drivers/Api/platform/src/vl53l0x_platform.o
 .debug_aranges
                0x00000600       0xb8 Drivers/STM32F0xx_HAL_Driver/Src/stm32f0xx_hal.o
 .debug_aranges
                0x000006b8       0x78 Drivers/STM32F0xx_HAL_Driver/Src/stm32f0xx_hal_cortex.o
 .debug_aranges
                0x00000730       0x88 Drivers/STM32F0xx_HAL_Driver/Src/stm32f0xx_hal_dma.o
 .debug_aranges
                0x000007b8       0x58 Drivers/STM32F0xx_HAL_Driver/Src/stm32f0xx_hal_gpio.o
 .debug_aranges
                0x00000810      0x260 Drivers/STM32F0xx_HAL_Driver/Src/stm32f0xx_hal_i2c.o
 .debug_aranges
                0x00000a70       0x38 Drivers/STM32F0xx_HAL_Driver/Src/stm32f0xx_hal_i2c_ex.o
 .debug_aranges
                0x00000aa8       0x80 Drivers/STM32F0xx_HAL_Driver/Src/stm32f0xx_hal_rcc.o
 .debug_aranges
                0x00000b28       0x30 Drivers/STM32F0xx_HAL_Driver/Src/stm32f0xx_hal_rcc_ex.o
 .debug_aranges
                0x00000b58      0x378 Drivers/STM32F0xx_HAL_Driver/Src/stm32f0xx_hal_tim.o
 .debug_aranges
                0x00000ed0      0x140 Drivers/STM32F0xx_HAL_Driver/Src/stm32f0xx_hal_tim_ex.o
 .debug_aranges
                0x00001010      0x1d8 Drivers/STM32F0xx_HAL_Driver/Src/stm32f0xx_hal_uart.o
 .debug_aranges
                0x000011e8       0x90 Src/LidarLib.o
 .debug_aranges
                0x00001278       0x28 Src/kernel.o
 .debug_aranges
                0x000012a0       0x68 Src/main.o
 .debug_aranges
                0x00001308       0x58 Src/serial.o
 .debug_aranges
                0x00001360       0x50 Src/stm32f0xx_hal_msp.o
 .debug_aranges
                0x000013b0       0x78 Src/stm32f0xx_it.o
 .debug_aranges
                0x00001428       0x28 Src/system_stm32f0xx.o
 .debug_aranges
                0x00001450       0xc0 Src/threads.o
 .debug_aranges
                0x00001510       0x28 startup/startup_stm32f070xb.o

.debug_ranges   0x00000000     0x1428
 .debug_ranges  0x00000000      0x320 Drivers/Api/core/src/vl53l0x_api.o
 .debug_ranges  0x00000320       0xc0 Drivers/Api/core/src/vl53l0x_api_calibration.o
 .debug_ranges  0x000003e0       0xd0 Drivers/Api/core/src/vl53l0x_api_core.o
 .debug_ranges  0x000004b0       0x98 Drivers/Api/platform/src/vl53l0x_i2c_platform.o
 .debug_ranges  0x00000548       0x68 Drivers/Api/platform/src/vl53l0x_platform.o
 .debug_ranges  0x000005b0       0xa8 Drivers/STM32F0xx_HAL_Driver/Src/stm32f0xx_hal.o
 .debug_ranges  0x00000658       0xb0 Drivers/STM32F0xx_HAL_Driver/Src/stm32f0xx_hal_cortex.o
 .debug_ranges  0x00000708       0x78 Drivers/STM32F0xx_HAL_Driver/Src/stm32f0xx_hal_dma.o
 .debug_ranges  0x00000780       0x48 Drivers/STM32F0xx_HAL_Driver/Src/stm32f0xx_hal_gpio.o
 .debug_ranges  0x000007c8      0x250 Drivers/STM32F0xx_HAL_Driver/Src/stm32f0xx_hal_i2c.o
 .debug_ranges  0x00000a18       0x28 Drivers/STM32F0xx_HAL_Driver/Src/stm32f0xx_hal_i2c_ex.o
 .debug_ranges  0x00000a40       0x88 Drivers/STM32F0xx_HAL_Driver/Src/stm32f0xx_hal_rcc.o
 .debug_ranges  0x00000ac8       0x38 Drivers/STM32F0xx_HAL_Driver/Src/stm32f0xx_hal_rcc_ex.o
 .debug_ranges  0x00000b00      0x368 Drivers/STM32F0xx_HAL_Driver/Src/stm32f0xx_hal_tim.o
 .debug_ranges  0x00000e68      0x130 Drivers/STM32F0xx_HAL_Driver/Src/stm32f0xx_hal_tim_ex.o
 .debug_ranges  0x00000f98      0x1c8 Drivers/STM32F0xx_HAL_Driver/Src/stm32f0xx_hal_uart.o
 .debug_ranges  0x00001160       0x80 Src/LidarLib.o
 .debug_ranges  0x000011e0       0x18 Src/kernel.o
 .debug_ranges  0x000011f8       0x58 Src/main.o
 .debug_ranges  0x00001250       0x48 Src/serial.o
 .debug_ranges  0x00001298       0x40 Src/stm32f0xx_hal_msp.o
 .debug_ranges  0x000012d8       0x68 Src/stm32f0xx_it.o
 .debug_ranges  0x00001340       0x18 Src/system_stm32f0xx.o
 .debug_ranges  0x00001358       0xb0 Src/threads.o
 .debug_ranges  0x00001408       0x20 startup/startup_stm32f070xb.o

.debug_macro    0x00000000    0x117ba
 .debug_macro   0x00000000      0x2df Drivers/Api/core/src/vl53l0x_api.o
 .debug_macro   0x000002df      0xa4e Drivers/Api/core/src/vl53l0x_api.o
 .debug_macro   0x00000d2d       0x76 Drivers/Api/core/src/vl53l0x_api.o
 .debug_macro   0x00000da3       0x22 Drivers/Api/core/src/vl53l0x_api.o
 .debug_macro   0x00000dc5       0x87 Drivers/Api/core/src/vl53l0x_api.o
 .debug_macro   0x00000e4c       0x51 Drivers/Api/core/src/vl53l0x_api.o
 .debug_macro   0x00000e9d       0xef Drivers/Api/core/src/vl53l0x_api.o
 .debug_macro   0x00000f8c       0x6a Drivers/Api/core/src/vl53l0x_api.o
 .debug_macro   0x00000ff6      0x1df Drivers/Api/core/src/vl53l0x_api.o
 .debug_macro   0x000011d5      0x174 Drivers/Api/core/src/vl53l0x_api.o
 .debug_macro   0x00001349      0x29c Drivers/Api/core/src/vl53l0x_api.o
 .debug_macro   0x000015e5      0x203 Drivers/Api/core/src/vl53l0x_api.o
 .debug_macro   0x000017e8       0x58 Drivers/Api/core/src/vl53l0x_api.o
 .debug_macro   0x00001840       0x17 Drivers/Api/core/src/vl53l0x_api.o
 .debug_macro   0x00001857       0x35 Drivers/Api/core/src/vl53l0x_api.o
 .debug_macro   0x0000188c       0x9c Drivers/Api/core/src/vl53l0x_api.o
 .debug_macro   0x00001928       0x16 Drivers/Api/core/src/vl53l0x_api.o
 .debug_macro   0x0000193e       0x35 Drivers/Api/core/src/vl53l0x_api.o
 .debug_macro   0x00001973      0x330 Drivers/Api/core/src/vl53l0x_api.o
 .debug_macro   0x00001ca3       0x10 Drivers/Api/core/src/vl53l0x_api.o
 .debug_macro   0x00001cb3       0x58 Drivers/Api/core/src/vl53l0x_api.o
 .debug_macro   0x00001d0b       0x1f Drivers/Api/core/src/vl53l0x_api.o
 .debug_macro   0x00001d2a       0x43 Drivers/Api/core/src/vl53l0x_api.o
 .debug_macro   0x00001d6d       0x20 Drivers/Api/core/src/vl53l0x_api.o
 .debug_macro   0x00001d8d      0x18e Drivers/Api/core/src/vl53l0x_api.o
 .debug_macro   0x00001f1b       0x10 Drivers/Api/core/src/vl53l0x_api.o
 .debug_macro   0x00001f2b       0x1c Drivers/Api/core/src/vl53l0x_api.o
 .debug_macro   0x00001f47       0x52 Drivers/Api/core/src/vl53l0x_api.o
 .debug_macro   0x00001f99       0x40 Drivers/Api/core/src/vl53l0x_api.o
 .debug_macro   0x00001fd9       0x10 Drivers/Api/core/src/vl53l0x_api.o
 .debug_macro   0x00001fe9       0x40 Drivers/Api/core/src/vl53l0x_api.o
 .debug_macro   0x00002029       0xd7 Drivers/Api/core/src/vl53l0x_api.o
 .debug_macro   0x00002100       0x1c Drivers/Api/core/src/vl53l0x_api.o
 .debug_macro   0x0000211c       0x3d Drivers/Api/core/src/vl53l0x_api.o
 .debug_macro   0x00002159       0x16 Drivers/Api/core/src/vl53l0x_api.o
 .debug_macro   0x0000216f      0x16f Drivers/Api/core/src/vl53l0x_api.o
 .debug_macro   0x000022de       0x16 Drivers/Api/core/src/vl53l0x_api.o
 .debug_macro   0x000022f4       0x22 Drivers/Api/core/src/vl53l0x_api.o
 .debug_macro   0x00002316       0x4c Drivers/Api/core/src/vl53l0x_api.o
 .debug_macro   0x00002362       0x28 Drivers/Api/core/src/vl53l0x_api.o
 .debug_macro   0x0000238a       0x10 Drivers/Api/core/src/vl53l0x_api.o
 .debug_macro   0x0000239a      0x1d2 Drivers/Api/core/src/vl53l0x_api.o
 .debug_macro   0x0000256c       0x16 Drivers/Api/core/src/vl53l0x_api.o
 .debug_macro   0x00002582       0x16 Drivers/Api/core/src/vl53l0x_api.o
 .debug_macro   0x00002598       0x29 Drivers/Api/core/src/vl53l0x_api.o
 .debug_macro   0x000025c1      0x2d9 Drivers/Api/core/src/vl53l0x_api_calibration.o
 .debug_macro   0x0000289a      0x2c7 Drivers/Api/core/src/vl53l0x_api_core.o
 .debug_macro   0x00002b61      0x35c Drivers/Api/platform/src/vl53l0x_i2c_platform.o
 .debug_macro   0x00002ebd       0xb1 Drivers/Api/platform/src/vl53l0x_i2c_platform.o
 .debug_macro   0x00002f6e       0x2e Drivers/Api/platform/src/vl53l0x_i2c_platform.o
 .debug_macro   0x00002f9c       0x22 Drivers/Api/platform/src/vl53l0x_i2c_platform.o
 .debug_macro   0x00002fbe       0x34 Drivers/Api/platform/src/vl53l0x_i2c_platform.o
 .debug_macro   0x00002ff2       0x26 Drivers/Api/platform/src/vl53l0x_i2c_platform.o
 .debug_macro   0x00003018      0x30d Drivers/Api/platform/src/vl53l0x_i2c_platform.o
 .debug_macro   0x00003325     0x7686 Drivers/Api/platform/src/vl53l0x_i2c_platform.o
 .debug_macro   0x0000a9ab       0x3c Drivers/Api/platform/src/vl53l0x_i2c_platform.o
 .debug_macro   0x0000a9e7       0x97 Drivers/Api/platform/src/vl53l0x_i2c_platform.o
 .debug_macro   0x0000aa7e       0xfd Drivers/Api/platform/src/vl53l0x_i2c_platform.o
 .debug_macro   0x0000ab7b       0x49 Drivers/Api/platform/src/vl53l0x_i2c_platform.o
 .debug_macro   0x0000abc4      0x92f Drivers/Api/platform/src/vl53l0x_i2c_platform.o
 .debug_macro   0x0000b4f3      0x289 Drivers/Api/platform/src/vl53l0x_i2c_platform.o
 .debug_macro   0x0000b77c      0x13a Drivers/Api/platform/src/vl53l0x_i2c_platform.o
 .debug_macro   0x0000b8b6      0x130 Drivers/Api/platform/src/vl53l0x_i2c_platform.o
 .debug_macro   0x0000b9e6      0x1f4 Drivers/Api/platform/src/vl53l0x_i2c_platform.o
 .debug_macro   0x0000bbda       0x34 Drivers/Api/platform/src/vl53l0x_i2c_platform.o
 .debug_macro   0x0000bc0e       0x43 Drivers/Api/platform/src/vl53l0x_i2c_platform.o
 .debug_macro   0x0000bc51       0x28 Drivers/Api/platform/src/vl53l0x_i2c_platform.o
 .debug_macro   0x0000bc79       0xb6 Drivers/Api/platform/src/vl53l0x_i2c_platform.o
 .debug_macro   0x0000bd2f      0x217 Drivers/Api/platform/src/vl53l0x_i2c_platform.o
 .debug_macro   0x0000bf46      0x202 Drivers/Api/platform/src/vl53l0x_i2c_platform.o
 .debug_macro   0x0000c148       0x61 Drivers/Api/platform/src/vl53l0x_i2c_platform.o
 .debug_macro   0x0000c1a9       0x90 Drivers/Api/platform/src/vl53l0x_i2c_platform.o
 .debug_macro   0x0000c239       0x4d Drivers/Api/platform/src/vl53l0x_i2c_platform.o
 .debug_macro   0x0000c286       0x49 Drivers/Api/platform/src/vl53l0x_i2c_platform.o
 .debug_macro   0x0000c2cf      0x845 Drivers/Api/platform/src/vl53l0x_i2c_platform.o
 .debug_macro   0x0000cb14       0x45 Drivers/Api/platform/src/vl53l0x_i2c_platform.o
 .debug_macro   0x0000cb59      0x37c Drivers/Api/platform/src/vl53l0x_i2c_platform.o
 .debug_macro   0x0000ced5      0x168 Drivers/Api/platform/src/vl53l0x_i2c_platform.o
 .debug_macro   0x0000d03d      0x114 Drivers/Api/platform/src/vl53l0x_i2c_platform.o
 .debug_macro   0x0000d151      0x2b4 Drivers/Api/platform/src/vl53l0x_platform.o
 .debug_macro   0x0000d405      0x32b Drivers/STM32F0xx_HAL_Driver/Src/stm32f0xx_hal.o
 .debug_macro   0x0000d730      0x307 Drivers/STM32F0xx_HAL_Driver/Src/stm32f0xx_hal_cortex.o
 .debug_macro   0x0000da37      0x307 Drivers/STM32F0xx_HAL_Driver/Src/stm32f0xx_hal_dma.o
 .debug_macro   0x0000dd3e      0x33f Drivers/STM32F0xx_HAL_Driver/Src/stm32f0xx_hal_gpio.o
 .debug_macro   0x0000e07d      0x3d3 Drivers/STM32F0xx_HAL_Driver/Src/stm32f0xx_hal_i2c.o
 .debug_macro   0x0000e450      0x307 Drivers/STM32F0xx_HAL_Driver/Src/stm32f0xx_hal_i2c_ex.o
 .debug_macro   0x0000e757      0x319 Drivers/STM32F0xx_HAL_Driver/Src/stm32f0xx_hal_rcc.o
 .debug_macro   0x0000ea70      0x307 Drivers/STM32F0xx_HAL_Driver/Src/stm32f0xx_hal_rcc_ex.o
 .debug_macro   0x0000ed77      0x307 Drivers/STM32F0xx_HAL_Driver/Src/stm32f0xx_hal_tim.o
 .debug_macro   0x0000f07e      0x307 Drivers/STM32F0xx_HAL_Driver/Src/stm32f0xx_hal_tim_ex.o
 .debug_macro   0x0000f385      0x30f Drivers/STM32F0xx_HAL_Driver/Src/stm32f0xx_hal_uart.o
 .debug_macro   0x0000f694      0x3e1 Src/LidarLib.o
 .debug_macro   0x0000fa75      0x141 Src/LidarLib.o
 .debug_macro   0x0000fbb6       0x22 Src/LidarLib.o
 .debug_macro   0x0000fbd8       0x28 Src/LidarLib.o
 .debug_macro   0x0000fc00      0x3eb Src/kernel.o
 .debug_macro   0x0000ffeb      0x147 Src/kernel.o
 .debug_macro   0x00010132      0x41f Src/main.o
 .debug_macro   0x00010551      0x1e1 Src/main.o
 .debug_macro   0x00010732       0x16 Src/main.o
 .debug_macro   0x00010748      0x354 Src/serial.o
 .debug_macro   0x00010a9c      0x316 Src/stm32f0xx_hal_msp.o
 .debug_macro   0x00010db2      0x320 Src/stm32f0xx_it.o
 .debug_macro   0x000110d2      0x307 Src/system_stm32f0xx.o
 .debug_macro   0x000113d9      0x3e1 Src/threads.o

.debug_line     0x00000000    0x10bcd
 .debug_line    0x00000000     0x116c Drivers/Api/core/src/vl53l0x_api.o
 .debug_line    0x0000116c      0xa8f Drivers/Api/core/src/vl53l0x_api_calibration.o
 .debug_line    0x00001bfb      0xc6c Drivers/Api/core/src/vl53l0x_api_core.o
 .debug_line    0x00002867      0x930 Drivers/Api/platform/src/vl53l0x_i2c_platform.o
 .debug_line    0x00003197      0x63a Drivers/Api/platform/src/vl53l0x_platform.o
 .debug_line    0x000037d1      0x8a6 Drivers/STM32F0xx_HAL_Driver/Src/stm32f0xx_hal.o
 .debug_line    0x00004077      0x89f Drivers/STM32F0xx_HAL_Driver/Src/stm32f0xx_hal_cortex.o
 .debug_line    0x00004916      0x97e Drivers/STM32F0xx_HAL_Driver/Src/stm32f0xx_hal_dma.o
 .debug_line    0x00005294      0x883 Drivers/STM32F0xx_HAL_Driver/Src/stm32f0xx_hal_gpio.o
 .debug_line    0x00005b17     0x1867 Drivers/STM32F0xx_HAL_Driver/Src/stm32f0xx_hal_i2c.o
 .debug_line    0x0000737e      0x7f3 Drivers/STM32F0xx_HAL_Driver/Src/stm32f0xx_hal_i2c_ex.o
 .debug_line    0x00007b71      0x9b8 Drivers/STM32F0xx_HAL_Driver/Src/stm32f0xx_hal_rcc.o
 .debug_line    0x00008529      0x83a Drivers/STM32F0xx_HAL_Driver/Src/stm32f0xx_hal_rcc_ex.o
 .debug_line    0x00008d63     0x1893 Drivers/STM32F0xx_HAL_Driver/Src/stm32f0xx_hal_tim.o
 .debug_line    0x0000a5f6      0xcf4 Drivers/STM32F0xx_HAL_Driver/Src/stm32f0xx_hal_tim_ex.o
 .debug_line    0x0000b2ea     0x1121 Drivers/STM32F0xx_HAL_Driver/Src/stm32f0xx_hal_uart.o
 .debug_line    0x0000c40b      0x9eb Src/LidarLib.o
 .debug_line    0x0000cdf6      0x8eb Src/kernel.o
 .debug_line    0x0000d6e1      0xa08 Src/main.o
 .debug_line    0x0000e0e9      0x827 Src/serial.o
 .debug_line    0x0000e910      0x82a Src/stm32f0xx_hal_msp.o
 .debug_line    0x0000f13a      0x80c Src/stm32f0xx_it.o
 .debug_line    0x0000f946      0x760 Src/system_stm32f0xx.o
 .debug_line    0x000100a6      0xaa4 Src/threads.o
 .debug_line    0x00010b4a       0x83 startup/startup_stm32f070xb.o

.debug_str      0x00000000    0x56988
 .debug_str     0x00000000     0xd513 Drivers/Api/core/src/vl53l0x_api.o
                               0xdb47 (size before relaxing)
 .debug_str     0x0000d513      0x663 Drivers/Api/core/src/vl53l0x_api_calibration.o
                               0xcbb8 (size before relaxing)
 .debug_str     0x0000db76      0xbe8 Drivers/Api/core/src/vl53l0x_api_core.o
                               0xd197 (size before relaxing)
 .debug_str     0x0000e75e    0x42b2e Drivers/Api/platform/src/vl53l0x_i2c_platform.o
                              0x4d299 (size before relaxing)
 .debug_str     0x0005128c      0x2bd Drivers/Api/platform/src/vl53l0x_platform.o
                               0xc24d (size before relaxing)
 .debug_str     0x00051549      0x500 Drivers/STM32F0xx_HAL_Driver/Src/stm32f0xx_hal.o
                              0x4a806 (size before relaxing)
 .debug_str     0x00051a49      0x1ee Drivers/STM32F0xx_HAL_Driver/Src/stm32f0xx_hal_cortex.o
                              0x4a6b4 (size before relaxing)
 .debug_str     0x00051c37      0x257 Drivers/STM32F0xx_HAL_Driver/Src/stm32f0xx_hal_dma.o
                              0x4a6c7 (size before relaxing)
 .debug_str     0x00051e8e      0x289 Drivers/STM32F0xx_HAL_Driver/Src/stm32f0xx_hal_gpio.o
                              0x4a585 (size before relaxing)
 .debug_str     0x00052117      0xd49 Drivers/STM32F0xx_HAL_Driver/Src/stm32f0xx_hal_i2c.o
                              0x4b4d3 (size before relaxing)
 .debug_str     0x00052e60       0xc4 Drivers/STM32F0xx_HAL_Driver/Src/stm32f0xx_hal_i2c_ex.o
                              0x4a852 (size before relaxing)
 .debug_str     0x00052f24      0x321 Drivers/STM32F0xx_HAL_Driver/Src/stm32f0xx_hal_rcc.o
                              0x4a6e9 (size before relaxing)
 .debug_str     0x00053245      0x14e Drivers/STM32F0xx_HAL_Driver/Src/stm32f0xx_hal_rcc_ex.o
                              0x4a489 (size before relaxing)
 .debug_str     0x00053393      0xf47 Drivers/STM32F0xx_HAL_Driver/Src/stm32f0xx_hal_tim.o
                              0x4b433 (size before relaxing)
 .debug_str     0x000542da      0x50d Drivers/STM32F0xx_HAL_Driver/Src/stm32f0xx_hal_tim_ex.o
                              0x4aca5 (size before relaxing)
 .debug_str     0x000547e7      0x8c9 Drivers/STM32F0xx_HAL_Driver/Src/stm32f0xx_hal_uart.o
                              0x4ae7f (size before relaxing)
 .debug_str     0x000550b0      0x947 Src/LidarLib.o
                              0x4f228 (size before relaxing)
 .debug_str     0x000559f7      0x1df Src/kernel.o
                              0x4f360 (size before relaxing)
 .debug_str     0x00055bd6      0x9b2 Src/main.o
                              0x50331 (size before relaxing)
 .debug_str     0x00056588       0x5d Src/serial.o
                              0x4b062 (size before relaxing)
 .debug_str     0x000565e5       0x25 Src/stm32f0xx_hal_msp.o
                              0x4b56f (size before relaxing)
 .debug_str     0x0005660a       0xca Src/stm32f0xx_it.o
                              0x4b35a (size before relaxing)
 .debug_str     0x000566d4       0x3b Src/system_stm32f0xx.o
                              0x4a2de (size before relaxing)
 .debug_str     0x0005670f      0x249 Src/threads.o
                              0x4f65c (size before relaxing)
 .debug_str     0x00056958       0x30 startup/startup_stm32f070xb.o
                                 0x51 (size before relaxing)

.comment        0x00000000       0x7e
 .comment       0x00000000       0x7e Drivers/Api/core/src/vl53l0x_api.o
                                 0x7f (size before relaxing)
 .comment       0x0000007e       0x7f Drivers/Api/core/src/vl53l0x_api_calibration.o
 .comment       0x0000007e       0x7f Drivers/Api/core/src/vl53l0x_api_core.o
 .comment       0x0000007e       0x7f Drivers/Api/platform/src/vl53l0x_i2c_platform.o
 .comment       0x0000007e       0x7f Drivers/Api/platform/src/vl53l0x_platform.o
 .comment       0x0000007e       0x7f Drivers/STM32F0xx_HAL_Driver/Src/stm32f0xx_hal.o
 .comment       0x0000007e       0x7f Drivers/STM32F0xx_HAL_Driver/Src/stm32f0xx_hal_cortex.o
 .comment       0x0000007e       0x7f Drivers/STM32F0xx_HAL_Driver/Src/stm32f0xx_hal_dma.o
 .comment       0x0000007e       0x7f Drivers/STM32F0xx_HAL_Driver/Src/stm32f0xx_hal_gpio.o
 .comment       0x0000007e       0x7f Drivers/STM32F0xx_HAL_Driver/Src/stm32f0xx_hal_i2c.o
 .comment       0x0000007e       0x7f Drivers/STM32F0xx_HAL_Driver/Src/stm32f0xx_hal_i2c_ex.o
 .comment       0x0000007e       0x7f Drivers/STM32F0xx_HAL_Driver/Src/stm32f0xx_hal_rcc.o
 .comment       0x0000007e       0x7f Drivers/STM32F0xx_HAL_Driver/Src/stm32f0xx_hal_rcc_ex.o
 .comment       0x0000007e       0x7f Drivers/STM32F0xx_HAL_Driver/Src/stm32f0xx_hal_tim.o
 .comment       0x0000007e       0x7f Drivers/STM32F0xx_HAL_Driver/Src/stm32f0xx_hal_tim_ex.o
 .comment       0x0000007e       0x7f Drivers/STM32F0xx_HAL_Driver/Src/stm32f0xx_hal_uart.o
 .comment       0x0000007e       0x7f Src/LidarLib.o
 .comment       0x0000007e       0x7f Src/kernel.o
 .comment       0x0000007e       0x7f Src/main.o
 .comment       0x0000007e       0x7f Src/serial.o